{"processed": 1000, "passed": 1000, "failed": 0, "elapsed_seconds": 4.206413809999503}
{"processed": 2000, "passed": 2000, "failed": 0, "elapsed_seconds": 8.402981205000287}
{"processed": 3000, "passed": 3000, "failed": 0, "elapsed_seconds": 12.350241936000202}
{"processed": 4000, "passed": 4000, "failed": 0, "elapsed_seconds": 16.28696800200032}
{"processed": 5000, "passed": 5000, "failed": 0, "elapsed_seconds": 20.24767952900038}
{"processed": 6000, "passed": 6000, "failed": 0, "elapsed_seconds": 24.084608358999503}
{"processed": 7000, "passed": 7000, "failed": 0, "elapsed_seconds": 28.091041042000143}
{"processed": 8000, "passed": 8000, "failed": 0, "elapsed_seconds": 31.863594782999826}
{"processed": 9000, "passed": 9000, "failed": 0, "elapsed_seconds": 35.68829249499959}
{"processed": 10000, "passed": 10000, "failed": 0, "elapsed_seconds": 39.656669861999944}
{"processed": 11000, "passed": 11000, "failed": 0, "elapsed_seconds": 43.745573919999515}
{"processed": 12000, "passed": 12000, "failed": 0, "elapsed_seconds": 47.806924259999505}
{"processed": 13000, "passed": 13000, "failed": 0, "elapsed_seconds": 51.77292222199958}
{"processed": 14000, "passed": 14000, "failed": 0, "elapsed_seconds": 55.82464536600037}
{"processed": 15000, "passed": 15000, "failed": 0, "elapsed_seconds": 59.94402185200033}
{"processed": 16000, "passed": 16000, "failed": 0, "elapsed_seconds": 64.11495685499995}
{"processed": 17000, "passed": 17000, "failed": 0, "elapsed_seconds": 68.16850566700032}
{"processed": 18000, "passed": 18000, "failed": 0, "elapsed_seconds": 72.16289086100005}
{"processed": 19000, "passed": 19000, "failed": 0, "elapsed_seconds": 76.25489061600001}
{"processed": 20000, "passed": 20000, "failed": 0, "elapsed_seconds": 80.20711372200003}
{"processed": 21000, "passed": 21000, "failed": 0, "elapsed_seconds": 84.46923768600027}
{"processed": 22000, "passed": 22000, "failed": 0, "elapsed_seconds": 88.54593078200014}
{"processed": 23000, "passed": 23000, "failed": 0, "elapsed_seconds": 92.60640731500007}
{"processed": 24000, "passed": 24000, "failed": 0, "elapsed_seconds": 96.6138638399998}
{"processed": 25000, "passed": 25000, "failed": 0, "elapsed_seconds": 100.54093884400027}
{"processed": 26000, "passed": 26000, "failed": 0, "elapsed_seconds": 104.6356775639997}
{"processed": 27000, "passed": 27000, "failed": 0, "elapsed_seconds": 108.76880869599972}
{"processed": 28000, "passed": 28000, "failed": 0, "elapsed_seconds": 112.9834040830001}
{"processed": 29000, "passed": 29000, "failed": 0, "elapsed_seconds": 117.6443181249997}
{"processed": 30000, "passed": 29999, "failed": 1, "elapsed_seconds": 125.05253738899955}
{"processed": 31000, "passed": 30993, "failed": 7, "elapsed_seconds": 151.00903948199993}
{
  "rank": 4,
  "input_candidates": 31225,
  "certified_distinct_simple_roots": 31183,
  "completeness_proved": false,
  "removed_unseparated_input_indices": [
    31073,
    30943,
    30856,
    31148,
    31152,
    31126,
    30901,
    31047,
    30843,
    31146,
    30789,
    30669,
    31198,
    30761,
    31077,
    30846,
    31067,
    31133,
    31048,
    31193,
    30665,
    31169,
    31223,
    31037,
    31059
  ],
  "separation": {
    "distinct": true,
    "balls": 31183,
    "overlap_pairs_checked": 0,
    "arithmetic": "exact Python integers and fractions"
  },
  "elapsed_seconds": 158.13611659900016,
  "ordinary_data_source": "certificates/rank4.npz",
  "input_source": "/mnt/data/SP03_continuation/experiments/symmetry_varied_m4.npz"
}
