{"checked": 1000, "seconds": 29.45928794899919}
{"checked": 2000, "seconds": 52.149914137999986}
{"checked": 3000, "seconds": 74.36492749899935}
{"checked": 4000, "seconds": 100.74741423599971}
{"checked": 5000, "seconds": 128.08988563599996}
{"checked": 6000, "seconds": 156.1578255989998}
{"checked": 7000, "seconds": 183.1470304529994}
{"checked": 8000, "seconds": 196.93725869599984}
{"checked": 9000, "seconds": 209.50266901599934}
{"checked": 10000, "seconds": 222.52025444099945}
{"checked": 11000, "seconds": 236.30469280999932}
{"checked": 12000, "seconds": 248.74751900699994}
{"checked": 13000, "seconds": 262.0193963749998}
{"checked": 14000, "seconds": 274.78957617299966}
{"checked": 15000, "seconds": 287.99385714799973}
{"checked": 16000, "seconds": 301.3149262349998}
{"checked": 17000, "seconds": 315.0052954569992}
{"checked": 18000, "seconds": 328.4549885059996}
{"checked": 19000, "seconds": 343.29683604599995}
{"checked": 20000, "seconds": 356.2228669599999}
{"checked": 21000, "seconds": 370.0949504579994}
{"checked": 22000, "seconds": 382.47214950599937}
{"checked": 23000, "seconds": 394.83342685999924}
{"checked": 24000, "seconds": 407.140780404}
{"checked": 25000, "seconds": 419.7941288479997}
{"checked": 26000, "seconds": 433.6754962059995}
{"checked": 27000, "seconds": 451.4706703619995}
{"checked": 28000, "seconds": 470.1073688079996}
{"checked": 29000, "seconds": 486.3719202509992}
{"checked": 30000, "seconds": 500.4210132999997}
{"checked": 31000, "seconds": 517.1996487339993}
{
  "rank": 4,
  "input_roots": 31183,
  "checked_roots": 31183,
  "all_roots_checked": true,
  "all_selected_checks_passed": true,
  "arithmetic": "Python integers and fractions; no C++ backend import or call",
  "separation": {
    "distinct": true,
    "balls": 31183,
    "overlap_pairs_checked": 0,
    "arithmetic": "exact Python integers and fractions"
  },
  "worker_processes": 4,
  "completeness_proved": false,
  "certificate_sha256": "2126da41dabc9e2bf92993dba888bc855c45ab9178177feb3e65a79d383c7768",
  "seconds": 520.5872074749996
}
