{
  "all_passed": true,
  "checks": [
    {
      "rank": 1,
      "regular_zero_coupling_roots_checked": 2,
      "expected": 2,
      "all_simple_and_in_domain": true,
      "non_diagonal_scaling_identity": true
    },
    {
      "rank": 2,
      "regular_zero_coupling_roots_checked": 4,
      "expected": 4,
      "all_simple_and_in_domain": true,
      "non_diagonal_scaling_identity": true
    },
    {
      "rank": 3,
      "regular_zero_coupling_roots_checked": 8,
      "expected": 8,
      "all_simple_and_in_domain": true,
      "non_diagonal_scaling_identity": true
    },
    {
      "rank": 4,
      "regular_zero_coupling_roots_checked": 16,
      "expected": 16,
      "all_simple_and_in_domain": true,
      "non_diagonal_scaling_identity": true
    },
    {
      "rank": 5,
      "regular_zero_coupling_roots_checked": 32,
      "expected": 32,
      "all_simple_and_in_domain": true,
      "non_diagonal_scaling_identity": true
    }
  ],
  "seconds": 0.19972449600027176,
  "scope": "exact finite checks supporting the written all-rank argument"
}
