This is pdfTeX, Version 3.141592653-2.6-1.40.26 (TeX Live 2025/dev/Debian) (preloaded format=pdflatex)
 restricted \write18 enabled.
entering extended mode
(./TR03_all_spectra_bound.tex
LaTeX2e <2024-11-01> patch level 2
L3 programming layer <2025-01-18>
(/usr/share/texlive/texmf-dist/tex/latex/base/article.cls
Document Class: article 2024/06/29 v1.4n Standard LaTeX document class
(/usr/share/texlive/texmf-dist/tex/latex/base/size11.clo))
(/usr/share/texlive/texmf-dist/tex/latex/geometry/geometry.sty
(/usr/share/texlive/texmf-dist/tex/latex/graphics/keyval.sty)
(/usr/share/texlive/texmf-dist/tex/generic/iftex/ifvtex.sty
(/usr/share/texlive/texmf-dist/tex/generic/iftex/iftex.sty)))
(/usr/share/texlive/texmf-dist/tex/latex/base/fontenc.sty)
(/usr/share/texmf/tex/latex/lm/lmodern.sty)
(/usr/share/texlive/texmf-dist/tex/latex/microtype/microtype.sty
(/usr/share/texlive/texmf-dist/tex/latex/etoolbox/etoolbox.sty)
(/usr/share/texlive/texmf-dist/tex/latex/microtype/microtype-pdftex.def)
(/usr/share/texlive/texmf-dist/tex/latex/microtype/microtype.cfg))
(/usr/share/texlive/texmf-dist/tex/latex/amsmath/amsmath.sty
For additional information on amsmath, use the `?' option.
(/usr/share/texlive/texmf-dist/tex/latex/amsmath/amstext.sty
(/usr/share/texlive/texmf-dist/tex/latex/amsmath/amsgen.sty))
(/usr/share/texlive/texmf-dist/tex/latex/amsmath/amsbsy.sty)
(/usr/share/texlive/texmf-dist/tex/latex/amsmath/amsopn.sty))
(/usr/share/texlive/texmf-dist/tex/latex/amsfonts/amssymb.sty
(/usr/share/texlive/texmf-dist/tex/latex/amsfonts/amsfonts.sty))
(/usr/share/texlive/texmf-dist/tex/latex/amscls/amsthm.sty)
(/usr/share/texlive/texmf-dist/tex/latex/mathtools/mathtools.sty
(/usr/share/texlive/texmf-dist/tex/latex/tools/calc.sty)
(/usr/share/texlive/texmf-dist/tex/latex/mathtools/mhsetup.sty))
(/usr/share/texlive/texmf-dist/tex/latex/booktabs/booktabs.sty)
(/usr/share/texlive/texmf-dist/tex/latex/hyperref/hyperref.sty
(/usr/share/texlive/texmf-dist/tex/latex/kvsetkeys/kvsetkeys.sty)
(/usr/share/texlive/texmf-dist/tex/generic/kvdefinekeys/kvdefinekeys.sty)
(/usr/share/texlive/texmf-dist/tex/generic/pdfescape/pdfescape.sty
(/usr/share/texlive/texmf-dist/tex/generic/ltxcmds/ltxcmds.sty)
(/usr/share/texlive/texmf-dist/tex/generic/pdftexcmds/pdftexcmds.sty
(/usr/share/texlive/texmf-dist/tex/generic/infwarerr/infwarerr.sty)))
(/usr/share/texlive/texmf-dist/tex/latex/hycolor/hycolor.sty)
(/usr/share/texlive/texmf-dist/tex/latex/hyperref/nameref.sty
(/usr/share/texlive/texmf-dist/tex/latex/refcount/refcount.sty)
(/usr/share/texlive/texmf-dist/tex/generic/gettitlestring/gettitlestring.sty
(/usr/share/texlive/texmf-dist/tex/latex/kvoptions/kvoptions.sty)))
(/usr/share/texlive/texmf-dist/tex/generic/stringenc/stringenc.sty)
(/usr/share/texlive/texmf-dist/tex/latex/hyperref/pd1enc.def)
(/usr/share/texlive/texmf-dist/tex/generic/intcalc/intcalc.sty)
(/usr/share/texlive/texmf-dist/tex/latex/hyperref/puenc.def)
(/usr/share/texlive/texmf-dist/tex/latex/url/url.sty)
(/usr/share/texlive/texmf-dist/tex/generic/bitset/bitset.sty
(/usr/share/texlive/texmf-dist/tex/generic/bigintcalc/bigintcalc.sty))
(/usr/share/texlive/texmf-dist/tex/latex/base/atbegshi-ltx.sty))
(/usr/share/texlive/texmf-dist/tex/latex/hyperref/hpdftex.def
(/usr/share/texlive/texmf-dist/tex/latex/base/atveryend-ltx.sty)
(/usr/share/texlive/texmf-dist/tex/latex/rerunfilecheck/rerunfilecheck.sty
(/usr/share/texlive/texmf-dist/tex/generic/uniquecounter/uniquecounter.sty)))
(/usr/share/texlive/texmf-dist/tex/latex/enumitem/enumitem.sty)
(/usr/share/texmf/tex/latex/lm/t1lmr.fd)
(/usr/share/texlive/texmf-dist/tex/latex/l3backend/l3backend-pdftex.def)
No file TR03_all_spectra_bound.aux.
*geometry* driver: auto-detecting
*geometry* detected driver: pdftex
(/usr/share/texlive/texmf-dist/tex/latex/microtype/mt-cmr.cfg)
(/usr/share/texlive/texmf-dist/tex/latex/graphics/graphicx.sty
(/usr/share/texlive/texmf-dist/tex/latex/graphics/graphics.sty
(/usr/share/texlive/texmf-dist/tex/latex/graphics/trig.sty)
(/usr/share/texlive/texmf-dist/tex/latex/graphics-cfg/graphics.cfg)
(/usr/share/texlive/texmf-dist/tex/latex/graphics-def/pdftex.def
(/usr/share/texlive/texmf-dist/tex/context/base/mkii/supp-pdf.mkii
[Loading MPS to PDF converter (version 2006.09.02).]
))) (/usr/share/texlive/texmf-dist/tex/latex/epstopdf-pkg/epstopdf-base.sty
(/usr/share/texlive/texmf-dist/tex/latex/latexconfig/epstopdf-sys.cfg)))
(/usr/share/texmf/tex/latex/lm/ot1lmr.fd)
(/usr/share/texmf/tex/latex/lm/omllmm.fd)
(/usr/share/texmf/tex/latex/lm/omslmsy.fd)
(/usr/share/texmf/tex/latex/lm/omxlmex.fd)
(/usr/share/texlive/texmf-dist/tex/latex/amsfonts/umsa.fd)
(/usr/share/texlive/texmf-dist/tex/latex/microtype/mt-msa.cfg)
(/usr/share/texlive/texmf-dist/tex/latex/amsfonts/umsb.fd)
(/usr/share/texlive/texmf-dist/tex/latex/microtype/mt-msb.cfg)
No file TR03_all_spectra_bound.toc.

[1{/var/lib/texmf/fonts/map/pdftex/updmap/pdftex.map}{/usr/share/texmf/fonts/en
c/dvips/lm/lm-ec.enc}{/usr/share/texmf/fonts/enc/dvips/lm/lm-mathit.enc}{/usr/s
hare/texmf/fonts/enc/dvips/lm/lm-mathsy.enc}{/usr/share/texmf/fonts/enc/dvips/l
m/lm-rm.enc}]

LaTeX Warning: Reference `th:robust' on page 2 undefined on input line 96.


LaTeX Warning: Reference `sec:reduction' on page 2 undefined on input line 96.


[2{/usr/share/texmf/fonts/enc/dvips/lm/lm-mathex.enc}]

LaTeX Warning: Reference `eq:schur' on page 3 undefined on input line 110.


LaTeX Warning: Reference `eq:baseline' on page 3 undefined on input line 144.


LaTeX Warning: Reference `th:main' on page 3 undefined on input line 144.


[3]

LaTeX Warning: Reference `eq:profile' on page 4 undefined on input line 167.


LaTeX Warning: Reference `eq:baseline' on page 4 undefined on input line 169.


LaTeX Warning: Reference `eq:profile' on page 4 undefined on input line 180.


[4]

LaTeX Warning: Reference `eq:clip1' on page 5 undefined on input line 214.


LaTeX Warning: Reference `eq:clip2' on page 5 undefined on input line 214.


LaTeX Warning: Reference `le:harmonic' on page 5 undefined on input line 216.


[5]

LaTeX Warning: Reference `eq:shift' on page 6 undefined on input line 290.


LaTeX Warning: Reference `le:augmentation' on page 6 undefined on input line 30
5.


LaTeX Warning: Reference `le:nets' on page 6 undefined on input line 305.


[6]
[7]

LaTeX Warning: Reference `eq:haar' on page 8 undefined on input line 361.


LaTeX Warning: Reference `le:compression' on page 8 undefined on input line 390
.


LaTeX Warning: Reference `le:haar' on page 8 undefined on input line 390.


LaTeX Warning: Reference `le:nets' on page 8 undefined on input line 411.


LaTeX Warning: Reference `le:smallball' on page 8 undefined on input line 411.


[8]

LaTeX Warning: Reference `le:smallball' on page 9 undefined on input line 428.


LaTeX Warning: Reference `eq:complement' on page 9 undefined on input line 446.



[9]

LaTeX Warning: Reference `le:clip' on page 10 undefined on input line 464.


LaTeX Warning: Reference `eq:feasibility' on page 10 undefined on input line 47
0.


LaTeX Warning: Reference `le:frame' on page 10 undefined on input line 470.


LaTeX Warning: Reference `le:haar' on page 10 undefined on input line 477.


LaTeX Warning: Reference `le:contrast' on page 10 undefined on input line 504.


[10]

LaTeX Warning: Reference `pr:comparable' on page 11 undefined on input line 524
.


LaTeX Warning: Reference `eq:groupcov' on page 11 undefined on input line 524.


LaTeX Warning: Reference `eq:spread' on page 11 undefined on input line 535.


LaTeX Warning: Reference `th:robust' on page 11 undefined on input line 540.


LaTeX Warning: Reference `eq:groupcov' on page 11 undefined on input line 542.


[11]

LaTeX Warning: Reference `eq:calibrated' on page 12 undefined on input line 554
.


LaTeX Warning: Reference `eq:posterior' on page 12 undefined on input line 570.



LaTeX Warning: Reference `le:smallball' on page 12 undefined on input line 581.



LaTeX Warning: Reference `eq:posterior' on page 12 undefined on input line 589.



LaTeX Warning: Reference `eq:groupcov' on page 12 undefined on input line 595.


[12]

LaTeX Warning: Reference `pr:comparable' on page 13 undefined on input line 598
.


LaTeX Warning: Reference `eq:corecase' on page 13 undefined on input line 598.


LaTeX Warning: Reference `eq:allpatterns' on page 13 undefined on input line 59
8.


LaTeX Warning: Reference `th:robust' on page 13 undefined on input line 604.


LaTeX Warning: Reference `eq:counting' on page 13 undefined on input line 625.


LaTeX Warning: Reference `eq:count' on page 13 undefined on input line 627.


LaTeX Warning: Reference `th:main' on page 13 undefined on input line 630.


LaTeX Warning: Reference `le:counting' on page 13 undefined on input line 633.


LaTeX Warning: Reference `th:robust' on page 13 undefined on input line 645.


LaTeX Warning: Reference `le:finite' on page 13 undefined on input line 649.


[13] (/usr/share/texmf/tex/latex/lm/t1lmtt.fd)
[14]
Underfull \hbox (badness 2556) in paragraph at lines 685--689
\T1/lmr/m/n/10.95 (+20) ap-prox-i-ma-tion col-lec-tion. Prob-lem state-ment: []
$\T1/lmtt/m/n/10.95 https : / / github . com / ajt60gaibb /

Underfull \hbox (badness 10000) in paragraph at lines 685--689
\T1/lmtt/m/n/10.95 OpenProblemsInNLA / tree / main / randomized-[]and-[]low-[]r
ank-[]approximation / TR-[]03$[]\T1/lmr/m/n/10.95 (+20) .

[15] (./TR03_all_spectra_bound.aux)

LaTeX Warning: There were undefined references.


LaTeX Warning: Label(s) may have changed. Rerun to get cross-references right.


Package rerunfilecheck Warning: File `TR03_all_spectra_bound.out' has changed.
(rerunfilecheck)                Rerun to get outlines right
(rerunfilecheck)                or use package `bookmark'.

 )
(see the transcript file for additional information)</usr/share/texmf/fonts/typ
e1/public/lm/lmbx10.pfb></usr/share/texmf/fonts/type1/public/lm/lmbx12.pfb></us
r/share/texmf/fonts/type1/public/lm/lmex10.pfb></usr/share/texmf/fonts/type1/pu
blic/lm/lmmi10.pfb></usr/share/texmf/fonts/type1/public/lm/lmmi6.pfb></usr/shar
e/texmf/fonts/type1/public/lm/lmmi7.pfb></usr/share/texmf/fonts/type1/public/lm
/lmmi8.pfb></usr/share/texmf/fonts/type1/public/lm/lmr10.pfb></usr/share/texmf/
fonts/type1/public/lm/lmr17.pfb></usr/share/texmf/fonts/type1/public/lm/lmr6.pf
b></usr/share/texmf/fonts/type1/public/lm/lmr7.pfb></usr/share/texmf/fonts/type
1/public/lm/lmr8.pfb></usr/share/texmf/fonts/type1/public/lm/lmr9.pfb></usr/sha
re/texmf/fonts/type1/public/lm/lmri10.pfb></usr/share/texmf/fonts/type1/public/
lm/lmsy10.pfb></usr/share/texmf/fonts/type1/public/lm/lmsy8.pfb></usr/share/tex
mf/fonts/type1/public/lm/lmtt10.pfb></usr/share/texlive/texmf-dist/fonts/type1/
public/amsfonts/symbols/msbm10.pfb>
Output written on TR03_all_spectra_bound.pdf (15 pages, 397816 bytes).
Transcript written on TR03_all_spectra_bound.log.

