367d4660480a1bfa93e43cedba07e60a65686a40 blob 29145
/-
Copyright (c) 2026 LeanCert Contributors. All rights reserved.
Released under Apache 2.0 license as described in the file LICENSE.
Authors: LeanCert Contributors
-/
import Lean
import Lean.Meta.Native
import Lean.Meta.Tactic.AuxLemma

/-!
# Centralized certificate verification (trust choke point)

Every LeanCert reflective tactic ultimately closes a decidable certificate
proposition, normally of the form `check … = true`. This module is the single place where that goal
gets closed, and therefore the single place where the trusted base of the
resulting proof is decided:

| Mode      | Closes with         | Trusted base                                    |
|-----------|---------------------|-------------------------------------------------|
| `.native` | `nativeEqTrue`      | kernel + compiler/runtime (native auxiliary axiom) |
| `.kernel` | cached kernel proof | kernel only (foundational axioms)                |
| `.auto`   | kernel, then native | kernel when it succeeds; fallback is reported    |

Design rules:

* `.kernel` **never** falls back to native verification. Failure is a hard
  error telling the user how to opt in to native trust explicitly.
* `.auto` may fall back, and reports when it does (`trace[leancert.verification]`
  always; one `logInfo` per process on first fallback).
* The typed boundary reduces the `Decidable` instance first, so a conclusive
  `false` result is data rather than an exception. Successful kernel proofs
  still go through `mkAuxLemma` for eager kernel validation and per-module
  caching.
* Native mode uses Lean's structured `nativeEqTrue` primitive directly:
  `.notTrue` is rejection, while compilation/evaluation exceptions are
  infrastructure failures.

Select the mode globally with `set_option leancert.trust "kernel"` (likewise
`"native"`, `"auto"`), or per invocation with `(trust := kernel|native|auto)`.
The per-invocation setting takes precedence.

Caveat for `.auto`: the heartbeat budget bounds elaboration-side work, but
kernel reduction itself is not heartbeat-interruptible; a pathologically large
certificate can exceed the budget wall-clock. Calibrated cost gates therefore
route predictably large finite sums, integrations, and optimization
certificates directly to native verification.
-/

open Lean Meta Elab Tactic

register_option leancert.trust : String := {
  defValue := "native"
  descr := "LeanCert certificate verification route: \"native\" (native_decide; \
    trusts the compiler/runtime), \"kernel\" (decide +kernel; kernel-only \
    trusted base, never falls back), or \"auto\" (try kernel first within \
    leancert.trust.kernelHeartbeats, fall back to native_decide and report)"
}

register_option leancert.trust.kernelHeartbeats : Nat := {
  defValue := 400000
  descr := "heartbeat budget for the kernel verification attempt in \
    leancert.trust = \"auto\" mode (same units as maxHeartbeats)"
}

register_option leancert.trust.autoGate : Bool := {
  defValue := true
  descr := "in leancert.trust = \"auto\" mode, skip the kernel attempt for \
    certificates whose size predictably exceeds the calibrated kernel/native \
    crossover (finite-sum term count, integration partition count, \
    optimization iterations) and go straight to native_decide; see \
    scripts/bench-trust/README.md for the calibration data"
}

register_option leancert.trust.autoMaxSumTerms : Nat := {
  defValue := 2000
  descr := "auto-mode gate: maximum finite-sum term count for which the \
    kernel attempt is made (crossover ≈ 10^4 terms at ~35s/+1.5 GiB; \
    ≤2×10^3 costs under a second)"
}

register_option leancert.trust.autoMaxPartitions : Nat := {
  defValue := 500
  descr := "auto-mode gate: maximum integration partition count for which \
    the kernel attempt is made (500 partitions ≈ +2.5s)"
}

register_option leancert.trust.autoMaxOptIterations : Nat := {
  defValue := 100
  descr := "auto-mode gate: maximum branch-and-bound iteration limit for \
    which the kernel attempt is made (a conservative policy threshold; the \
    v4.32.2 calibration matrix measures comparable routes through 50 iterations)"
}

namespace LeanCert.Tactic

initialize registerTraceClass `leancert.verification

/-- Reported once per process on the first `.auto`-mode native fallback, so a
file with hundreds of certificate checks does not produce hundreds of
messages. Per-invocation detail is always available under
`trace[leancert.verification]`. -/
initialize autoFallbackReported : IO.Ref Bool ← IO.mkRef false

/-- How a certificate goal is allowed to be verified. -/
inductive VerificationMode where
  /-- Close with `native_decide`; the proof additionally trusts the Lean
  compiler and runtime (`Lean.ofReduceBool`). -/
  | native
  /-- Close with `decide +kernel`; kernel-only trusted base. Never falls back
  to native verification. -/
  | kernel
  /-- Try the kernel route first, fall back to `native_decide`, reporting the
  fallback. -/
  | auto
  deriving DecidableEq, Repr, Inhabited

/-- Which route actually closed a certificate goal. -/
inductive VerificationUsed where
  | kernel
  | native
  deriving DecidableEq, Repr

/-- Why a particular verification route was used.

This distinguishes an explicit native request from the two reasons that
`.auto` can use native verification. -/
inductive VerificationCause where
  /-- The caller explicitly requested native verification. -/
  | explicitNative
  /-- The caller explicitly requested kernel verification. -/
  | explicitKernel
  /-- Auto mode successfully used kernel verification. -/
  | autoKernel
  /-- Auto mode selected native verification before attempting the kernel
  because a calibrated cost gate fired. -/
  | autoNativeGate
  /-- Auto mode used native verification after its kernel attempt failed. -/
  | autoNativeFallback
  deriving DecidableEq, Repr

/-- Structured telemetry for one successfully closed certificate goal.

The event is returned directly to the caller. It is not stored globally, so
speculative tactic attempts can discard it together with their proof state. -/
structure VerificationEvent where
  /-- The resolved policy in force for this certificate closure. -/
  requested : VerificationMode
  /-- The route that actually closed the certificate. -/
  used : VerificationUsed
  /-- Why that route was selected. -/
  cause : VerificationCause
  /-- Human-readable auto-gate explanation, present exactly for
  `autoNativeGate` events. -/
  gateReason : Option String := none
  deriving Repr

/-- Verification telemetry for zero or more retained certificate closures. -/
structure VerificationUsage where
  events : Array VerificationEvent := #[]
  deriving Repr, Inhabited

/-- Infrastructure failures while checking a Boolean certificate.

An ordinary checker result of `false` is deliberately not represented here:
it is the `.rejected` case of `VerificationResult`. -/
inductive VerificationFailure where
  /-- The proposed certificate goal was not a closed decidable proposition. -/
  | malformedCertificateGoal (detail : String)
  /-- Kernel reduction could not determine or validate the checker result. -/
  | kernelFailure (detail : String)
  /-- Native compilation or evaluation failed before producing a result. -/
  | nativeFailure (detail : String)
  /-- The verification protocol itself encountered an unexpected invariant
  failure. -/
  | internalError (detail : String)
  deriving Repr

/-- Typed result of attempting to close one Boolean certificate goal.

Only `.accepted` mutates the retained tactic state. Both `.rejected` and
`.failed` restore the complete state saved on entry. -/
inductive VerificationResult where
  /-- The checker evaluated to `true`; the certificate goal is assigned. -/
  | accepted (event : VerificationEvent)
  /-- The checker conclusively evaluated to `false`. -/
  | rejected
  /-- The checker could not be evaluated or its proof could not be retained. -/
  | failed (failure : VerificationFailure)
  deriving Repr

namespace VerificationEvent

/-- Regard one successful certificate closure as aggregate usage. -/
def toUsage (event : VerificationEvent) : VerificationUsage :=
  { events := #[event] }

end VerificationEvent

namespace VerificationUsage

/-- Aggregate usage containing one successful certificate closure. -/
def singleton (event : VerificationEvent) : VerificationUsage :=
  event.toUsage

/-- Combine independently retained verification events, preserving order. -/
def combine (left right : VerificationUsage) : VerificationUsage :=
  { events := left.events ++ right.events }

/-- Number of retained certificates closed by kernel reduction. -/
def kernelChecks (usage : VerificationUsage) : Nat :=
  usage.events.foldl (fun n event =>
    if event.used == .kernel then n + 1 else n) 0

/-- Number of retained certificates closed by native reduction. -/
def nativeChecks (usage : VerificationUsage) : Nat :=
  usage.events.foldl (fun n event =>
    if event.used == .native then n + 1 else n) 0

/-- Reasons for auto-mode decisions that bypassed kernel verification. -/
def autoGateReasons (usage : VerificationUsage) : Array String :=
  usage.events.filterMap fun event =>
    if event.cause == .autoNativeGate then event.gateReason else none

end VerificationUsage

def VerificationMode.ofString? : String → Option VerificationMode
  | "native" => some .native
  | "kernel" => some .kernel
  | "auto"   => some .auto
  | _        => none

/-- Option-value spelling of the mode (`"kernel"` / `"native"` / `"auto"`). -/
def VerificationMode.asString : VerificationMode → String
  | .native => "native"
  | .kernel => "kernel"
  | .auto   => "auto"

/-- Configuration for certificate verification. Tactics resolve this from
options via `VerificationConfig.current`; public `(trust := …)` syntax
overrides it per invocation. -/
structure VerificationConfig where
  mode : VerificationMode := .native
  /-- Heartbeat budget for the kernel attempt in `.auto` mode. -/
  kernelHeartbeats : Nat := 400000
  deriving Repr, Inhabited

/-- Read the verification configuration from the current options
(`leancert.trust`, `leancert.trust.kernelHeartbeats`). -/
def VerificationConfig.current : CoreM VerificationConfig := do
  let opts ← getOptions
  let raw := leancert.trust.get opts
  let some mode := VerificationMode.ofString? raw
    | throwError "invalid value '{raw}' for option 'leancert.trust'; \
        expected \"native\", \"kernel\", or \"auto\""
  return { mode, kernelHeartbeats := leancert.trust.kernelHeartbeats.get opts }

private structure CertificateGoal where
  type : Expr
  decision : Expr

/-- Validate and unpack a closed decidable certificate proposition.

Most LeanCert certificates have the shape `check = true`; a few low-level
bridges use decidable propositions such as domain-validity predicates
directly. Both are represented by the single Boolean expression returned by
`decide`. -/
private def parseCertificateGoal (certGoal : MVarId) :
    TacticM (Except VerificationFailure CertificateGoal) := certGoal.withContext do
  let certType ← instantiateMVars (← certGoal.getType)
  if certType.hasMVar then
    return .error <| .malformedCertificateGoal
      s!"certificate goal contains unresolved metavariables: {certType}"
  if certType.hasLooseBVars then
    return .error <| .malformedCertificateGoal
      s!"certificate goal contains loose bound variables: {certType}"
  if certType.hasFVar then
    return .error <| .malformedCertificateGoal
      s!"certificate goal contains free variables: {certType}"
  unless ← isProp certType do
    return .error <| .malformedCertificateGoal
      s!"expected a decidable proposition, got: {certType}"
  let decision ←
    try mkDecide certType
    catch e =>
      return .error <| .malformedCertificateGoal
        s!"certificate proposition has no executable Decidable instance:\n\
          {← e.toMessageData.toString}"
  if decision.hasMVar then
    return .error <| .malformedCertificateGoal
      s!"certificate decision procedure contains unresolved metavariables: {decision}"
  if decision.hasFVar then
    return .error <| .malformedCertificateGoal
      s!"certificate decision procedure contains free variables: {decision}"
  return .ok { type := certType, decision }

private inductive VerificationAttempt where
  | accepted
  | rejected
  | failed (detail : String)

/-- Evaluate the checker once using Lean's native Boolean primitive. On
success, `nativeEqTrue` returns the exact proof retained by the certificate
goal; `.notTrue` is a structured negative result rather than an exception. -/
private def closeNativeTypedCore (certificate : CertificateGoal)
    (certGoal : MVarId) (_tacticName : String) :
    TacticM VerificationAttempt := do
  try
    match ← Lean.Meta.nativeEqTrue `native_decide certificate.decision
        (axiomDeclRange? := (← getRef)) with
    | .notTrue =>
        return .rejected
    | .success proof =>
        let decidableInst := certificate.decision.appArg!
        let propositionProof := mkApp3 (mkConst ``of_decide_eq_true)
          certificate.type decidableInst proof
        certGoal.assign propositionProof
        return .accepted
  catch e =>
    return .failed (← e.toMessageData.toString)

/-- Kernel-only certificate closure with a structured Boolean result.

The elaborator first reduces the closed checker to a canonical Boolean so
`false` is data rather than an exception. For `true`, the equality proof is
stored through the same auxiliary-lemma cache used by `decide +kernel`, so the
kernel validates the result eagerly and repeated certificate types can reuse
the declaration. -/
private def closeKernelTypedCore (certificate : CertificateGoal)
    (certGoal : MVarId) : TacticM VerificationAttempt := do
  try
    let proof ← mkDecideProof certificate.type
    let decidableInst := proof.appFn!.appArg!
    let reduced ← withOptions (fun opts => opts.set `maxRecDepth 100000) do
      withAtLeastTransparency .all <| whnf decidableInst
    if reduced.isAppOf ``isFalse then
      return .rejected
    unless reduced.isAppOf ``isTrue do
      return .failed s!"certificate decision procedure did not reduce to \
        `isTrue` or `isFalse`: {reduced}"
    let levelsInType := (collectLevelParams {} certificate.type).params
    let lemmaLevels := (← Term.getLevelNames).reverse.filter levelsInType.contains
    let lemmaName ← withOptions (Elab.async.set · false) do
      mkAuxLemma lemmaLevels certificate.type proof
    certGoal.assign <| mkConst lemmaName (lemmaLevels.map .param)
    return .accepted
  catch e =>
    return .failed (← e.toMessageData.toString)

/-! ### Auto-mode cost gate

Thresholds come from `scripts/bench-trust/baselines/` (see the README there):
kernel reduction is essentially free for point/bound/Newton certificates,
cheap for moderate partition/subdivision counts, and crosses over to
"markedly worse than native" around 10^4 finite-sum terms (superlinear time,
+1.5 GiB RSS). The gate reads scale parameters syntactically off the
certificate goal; anything it does not recognize is attempted normally.

The checker names below are unresolved `Name` literals because this module
deliberately imports only `Lean` (everything in LeanCert imports it back).
`LeanCert/Test/TrustModes.lean` builds these applications with *resolved*
names and asserts the gate fires, so a checker rename breaks CI rather than
silently disabling the gate. -/

/-- First subterm that is a (full enough) application of any of `names`. -/
private def findAppOfAny? (e : Expr) (names : List Name) (minArgs : Nat) :
    Option Expr :=
  e.find? fun sub => names.any (sub.isAppOf ·) && sub.getAppNumArgs ≥ minArgs

/-- Length of a syntactic `List` literal (`List.cons` chain). -/
private partial def listLitLength (e : Expr) (acc : Nat := 0) : Nat :=
  if e.isAppOfArity ``List.cons 3 then listLitLength e.appArg! (acc + 1) else acc

/-- If the certificate is predictably past the kernel/native crossover,
return a human-readable reason to skip the kernel attempt in auto mode.
`none` means "attempt the kernel". -/
def autoGateReason? (opts : Options) (certType : Expr) : Option String := Id.run do
  unless leancert.trust.autoGate.get opts do return none
  let maxSum := leancert.trust.autoMaxSumTerms.get opts
  let maxParts := leancert.trust.autoMaxPartitions.get opts
  let maxIters := leancert.trust.autoMaxOptIterations.get opts
  -- Finite sums over `Finset.Icc a b`: terms = b + 1 - a.
  let sumChecks : List Name :=
    [`LeanCert.Engine.checkFinSumUpperBoundFull, `LeanCert.Engine.checkFinSumLowerBoundFull,
     `LeanCert.Engine.checkFinSumUpperBound, `LeanCert.Engine.checkFinSumLowerBound]
  if let some app := findAppOfAny? certType sumChecks 3 then
    let args := app.getAppArgs
    if let (some a, some b) := (args[1]!.nat?, args[2]!.nat?) then
      let terms := b + 1 - a
      if terms > maxSum then
        return some s!"finite sum with {terms} terms exceeds autoMaxSumTerms={maxSum}"
  -- List-indexed finite sums: term count is the index-list literal length.
  let listChecks : List Name :=
    [`LeanCert.Engine.checkFinSumUpperBoundListFull,
     `LeanCert.Engine.checkFinSumLowerBoundListFull]
  if let some app := findAppOfAny? certType listChecks 3 then
    if listLitLength app.getAppArgs[2]! > maxSum then
      return some s!"list-indexed sum with {listLitLength app.getAppArgs[2]!} \
        terms exceeds autoMaxSumTerms={maxSum}"
  -- Partitioned integration: third argument is the partition count.
  if let some app := findAppOfAny? certType
      [`LeanCert.Validity.Integration.integratePartitionChecked] 3 then
    if let some n := app.getAppArgs[2]!.nat? then
      if n > maxParts then
        return some s!"{n} integration partitions exceed autoMaxPartitions={maxParts}"
  -- Global optimization: read maxIterations off a GlobalOptConfig literal.
  let optChecks : List Name :=
    [`LeanCert.Validity.GlobalOpt.checkGlobalUpperBound,
     `LeanCert.Validity.GlobalOpt.checkGlobalLowerBound,
     `LeanCert.Validity.GlobalOpt.checkGlobalBounds]
  if (findAppOfAny? certType optChecks 4).isSome then
    if let some cfgApp := findAppOfAny? certType
        [`LeanCert.Engine.Optimization.GlobalOptConfig.mk] 1 then
      if let some iters := cfgApp.getAppArgs[0]!.nat? then
        if iters > maxIters then
          return some s!"{iters} optimization iterations exceed autoMaxOptIterations={maxIters}"
  return none

private def closeAutoTypedCore (cfg : VerificationConfig)
    (certificate : CertificateGoal) (certGoal : MVarId)
    (tacticName : String) : TacticM VerificationResult := do
  if let some reason := autoGateReason? (← getOptions) certificate.type then
    trace[leancert.verification] "{tacticName}: auto gate routed certificate to \
      native_decide ({reason})"
    match ← closeNativeTypedCore certificate certGoal tacticName with
    | .accepted =>
        return .accepted {
          requested := .auto
          used := .native
          cause := .autoNativeGate
          gateReason := some reason
        }
    | .rejected => return .rejected
    | .failed detail => return .failed (.nativeFailure detail)
  let s ← saveState
  match ← withOptions (fun o => o.set `maxHeartbeats cfg.kernelHeartbeats) do
      closeKernelTypedCore certificate certGoal with
  | .accepted =>
      trace[leancert.verification] "{tacticName}: certificate verified by kernel reduction (auto)"
      return .accepted {
        requested := .auto
        used := .kernel
        cause := .autoKernel
      }
  | .rejected =>
      -- A conclusive Boolean `false` is route-independent. Native fallback is
      -- reserved for a kernel route that could not finish.
      return .rejected
  | .failed detail =>
    s.restore
    trace[leancert.verification] "{tacticName}: kernel attempt failed in auto mode, \
      falling back to native_decide:\n{detail}"
    match ← closeNativeTypedCore certificate certGoal tacticName with
    | .accepted =>
        unless (← autoFallbackReported.get) do
          autoFallbackReported.set true
          logInfo m!"{tacticName}: a certificate was verified with native_decide \
            (kernel attempt did not succeed within budget). The proof \
            additionally trusts the compiler. Further fallbacks in this \
            session are reported under `trace[leancert.verification]` only."
        return .accepted {
          requested := .auto
          used := .native
          cause := .autoNativeFallback
        }
    | .rejected => return .rejected
    | .failed nativeDetail =>
        return .failed <| .nativeFailure
          s!"native fallback failed after kernel verification failure:\n\
            Kernel failure: {detail}\nNative failure: {nativeDetail}"

/-- Close a decidable certificate goal (normally `check … = true`) according to the
verification mode and return a typed result.

Only `.accepted` retains state changes. Rejection, malformed goals, and
verification infrastructure failures restore the complete tactic state saved
on entry, including environment declarations and messages. -/
def closeCertificateGoalTyped (cfg : VerificationConfig) (certGoal : MVarId)
    (tacticName : String := "leancert") : TacticM VerificationResult := do
  let saved ← saveState
  try
    let savedGoals ← getGoals
    let certificate ←
      match ← parseCertificateGoal certGoal with
      | .ok certificate => pure certificate
      | .error failure =>
          saved.restore
          return .failed failure
    let result ←
      match cfg.mode with
      | .native =>
          match ← closeNativeTypedCore certificate certGoal tacticName with
          | .accepted =>
              trace[leancert.verification] "{tacticName}: certificate verified by native_decide"
              pure <| .accepted {
                requested := .native
                used := .native
                cause := .explicitNative
              }
          | .rejected => pure .rejected
          | .failed detail => pure <| .failed (.nativeFailure detail)
      | .kernel =>
          match ← closeKernelTypedCore certificate certGoal with
          | .accepted =>
              trace[leancert.verification] "{tacticName}: certificate verified by kernel reduction"
              pure <| .accepted {
                requested := .kernel
                used := .kernel
                cause := .explicitKernel
              }
          | .rejected => pure .rejected
          | .failed detail => pure <| .failed (.kernelFailure detail)
      | .auto =>
          closeAutoTypedCore cfg certificate certGoal tacticName
    match result with
    | .accepted _ =>
        -- Restore the surrounding goal list while retaining the successful
        -- environment extension and certificate assignment.
        setGoals savedGoals
        pruneSolvedGoals
        return result
    | .rejected | .failed _ =>
        saved.restore
        return result
  catch e =>
    saved.restore
    let detail ←
      try e.toMessageData.toString
      catch _ => pure "an exception escaped the verification implementation"
    return .failed <| .internalError detail

def VerificationFailure.message (tacticName : String) :
    VerificationFailure → String
  | .malformedCertificateGoal detail =>
      s!"{tacticName}: malformed certificate goal:\n{detail}"
  | .kernelFailure detail =>
      s!"{tacticName}: kernel verification failed on the certificate check:\n\
        {detail}\nKernel mode never falls back to native verification. Use \
        `set_option leancert.trust \"native\"` (or \"auto\") to allow \
        `native_decide`, which additionally trusts the compiler."
  | .nativeFailure detail =>
      s!"{tacticName}: native certificate verification failed:\n{detail}"
  | .internalError detail =>
      s!"{tacticName}: internal certificate verification error:\n{detail}"

/-- Close the current goal as a LeanCert certificate check according to the
configured verification route (`leancert.trust`, or a `(trust := …)` override
active via `withTrustMode`). For tactic implementations that embed certificate
obligations inside quoted proof terms — `(by leancert_verify_cert)` — where
the typed boundary cannot be called directly. Not intended for end users. -/
elab "leancert_verify_cert" : tactic => do
  match ← closeCertificateGoalTyped (← VerificationConfig.current) (← getMainGoal)
      (tacticName := "leancert") with
  | .accepted _ => pure ()
  | .rejected => throwError "leancert: certificate checker evaluated to false"
  | .failed failure => throwError (failure.message "leancert")

/-! ## Public per-invocation syntax: `(trust := kernel|native|auto)`

Tactics accept an optional trailing `leancertTrustItem`; when present it
overrides the `leancert.trust` option for that invocation only (implemented
by running the tactic core under `withOptions`, so every certificate check in
the invocation — including nested fallback strategies — honors it). -/

/-- Parser category for verification modes. `auto` needs an explicit branch
because it is a reserved Lean token rather than an `ident`. -/
declare_syntax_cat leancertTrustMode
syntax ident : leancertTrustMode
syntax &"auto" : leancertTrustMode

/-- Per-invocation verification route for LeanCert tactics:
`(trust := kernel)`, `(trust := native)`, or `(trust := auto)`. -/
syntax leancertTrustItem := "(" &"trust" " := " leancertTrustMode ")"

/-- Elaborate an optional `(trust := …)` item. -/
def elabTrustItem? : Option (TSyntax ``leancertTrustItem) →
    TacticM (Option VerificationMode)
  | none => pure none
  | some stx =>
    match stx with
    | `(leancertTrustItem| (trust := $m:leancertTrustMode)) => do
      let raw := m.raw.reprint.getD ""
      let some mode := VerificationMode.ofString? raw
        | throwErrorAt m "invalid trust mode '{raw}'; expected kernel, native, or auto"
      return some mode
    | _ => throwUnsupportedSyntax

/-- Run `act` with `leancert.trust` overridden to `mode?` when provided. -/
def withTrustMode (mode? : Option VerificationMode) (act : TacticM α) : TacticM α :=
  match mode? with
  | none => act
  | some m => withOptions (fun o => o.set `leancert.trust m.asString) act

/-! ## `#assert_trust`: CI trust manifests

`#assert_trust kernel thm` / `#assert_trust native thm` pin a theorem's trust
class. Drift in *either* direction fails: a kernel-clean theorem acquiring
native-compiler trust is a regression, and a native-pinned theorem losing its
native dependency means the manifest should be tightened to `kernel`.
`sorryAx` and unrecognized axioms always fail. -/

/-- Trust classification of a single axiom. -/
inductive TrustClass where
  /-- `propext`, `Classical.choice`, `Quot.sound`. -/
  | foundational
  /-- `Lean.ofReduceBool` / `Lean.ofReduceNat` / `Lean.trustCompiler`, or a
  per-declaration `native_decide` auxiliary (`<decl>._native.native_decide.ax_*`). -/
  | nativeCompiler
  /-- `sorryAx`. -/
  | sorryAx
  /-- Anything else. -/
  | custom
  deriving DecidableEq, Repr

/-- Classify an axiom name into its trust class. -/
def classifyAxiom (n : Name) : TrustClass :=
  if n == ``propext || n == ``Classical.choice || n == ``Quot.sound then
    .foundational
  else if n == ``Lean.ofReduceBool || n == ``Lean.ofReduceNat
      || n == ``Lean.trustCompiler then
    .nativeCompiler
  else if n == ``sorryAx then
    .sorryAx
  else
    match n with
    | .str (.str _ "native_decide") _ => .nativeCompiler
    | _ => .custom

open Elab Command in
/-- `#assert_trust kernel thm`: `thm` depends on foundational axioms only.
`#assert_trust native thm`: `thm` additionally depends on native-compiler
trust (and nothing worse). Any `sorryAx` or unrecognized axiom fails both. -/
elab "#assert_trust " cls:ident thm:ident : command => do
  let declName ← liftCoreM <| realizeGlobalConstNoOverloadWithInfo thm
  liftCoreM do
    let axs ← collectAxioms declName
    let part (c : TrustClass) : Array Name := axs.filter (classifyAxiom · == c)
    let foundational := part .foundational
    let native := part .nativeCompiler
    let sorries := part .sorryAx
    let custom := part .custom
    let breakdown : MessageData := MessageData.joinSep
      ([(`foundational, foundational), (`nativeCompiler, native),
        (`sorryAx, sorries), (`custom, custom)].filterMap fun (label, group) =>
        if group.isEmpty then none
        else some m!"  {label}: {MessageData.joinSep (group.toList.map toMessageData) ", "}")
      "\n"
    unless sorries.isEmpty && custom.isEmpty do
      throwErrorAt thm "#assert_trust: '{declName}' depends on sorry or \
        unrecognized axioms\n{breakdown}"
    match cls.getId with
    | `kernel =>
      unless native.isEmpty do
        throwErrorAt thm "#assert_trust kernel: '{declName}' is not \
          kernel-clean\n{breakdown}"
    | `native =>
      if native.isEmpty then
        throwErrorAt thm "#assert_trust native: '{declName}' has no \
          native-compiler dependency; tighten the manifest to `kernel`"
    | other =>
      throwErrorAt cls "#assert_trust: unknown trust class '{other}'; \
        expected 'kernel' or 'native'"

end LeanCert.Tactic

8c4f06f736f93e7a78a549f608bd6ea552333cbf blob 42370
/-
Copyright (c) 2024 LeanCert Contributors. All rights reserved.
Released under Apache 2.0 license as described in the file LICENSE.
Authors: LeanCert Contributors
-/
import LeanCert.Tactic.IntervalAuto.Basic
import LeanCert.Tactic.IntervalAuto.Bound
import LeanCert.Tactic.Verification
import LeanCert.Validity.Bounds
import LeanCert.Validity.DyadicBounds
import LeanCert.Engine.Optimization.BoundVerify

/-!
# Point Inequality Tactic (interval_decide)

The `interval_decide` tactic proves point inequalities like `Real.exp 1 ≤ 3`.
-/

open Lean Meta Elab Tactic Term

namespace LeanCert.Tactic.Auto

open LeanCert.Meta
open LeanCert.Core
open LeanCert.Engine
open LeanCert.Validity

/-- Runtime facts from a retained point-inequality certificate. -/
structure PointInequalityOutcome where
  checker : Name
  verifier : Name
  verification : LeanCert.Tactic.VerificationUsage
  dyadic : Bool
  precision : Option Int := none
  taylorDepth : Nat
  deriving Inhabited

/-- Expected non-successes from the direct point solver. Transport failures are
kept distinct because the router treats them as implementation errors rather
than numerical rejection. -/
inductive PointInequalityFailure where
  | unsupported (expression detail : String)
  | rejected (detail : String)
  | inconclusive (detail : String)
  | transportFailure (detail : String)
  | internalFailure (detail : String)
  deriving Inhabited

/-- Try to prove a closed expression bound directly using certificate verification. -/
def proveClosedExpressionBoundTyped (goal : MVarId) (goalType : Lean.Expr)
    (taylorDepth : Nat) (precision : Int := -80)
    (rationalFallback : Bool := true) :
    TacticM (Except PointInequalityFailure PointInequalityOutcome) := do
  trace[interval_decide] "typed point bound: starting with goal {goalType}"
  goal.withContext do
    -- Parse the inequality
    let some (lhs, rhs, isStrict, isReversedOrig) ← parsePointIneq goalType
      | return .error <| .unsupported (toString goalType)
          "expected a closed point inequality"
    trace[interval_decide] "Parsed: lhs={lhs}, rhs={rhs}, isStrict={isStrict}, isReversedOrig={isReversedOrig}"

    -- Determine which side has the function by checking if it converts to rational
    -- (same logic as intervalDecideCore for consistency)
    let lhsIsConst ← toRat? lhs
    let rhsIsConst ← toRat? rhs
    let lhsConsts ← collectConstants lhs
    let rhsConsts ← collectConstants rhs

    let (funcExpr, boundExpr, needsFlip) :=
      if lhsIsConst.isSome && rhsIsConst.isNone then
        -- LHS is a rational constant, RHS is the function
        (rhs, lhs, true)
      else if rhsIsConst.isSome && lhsIsConst.isNone then
        -- RHS is a rational constant, LHS is the function
        (lhs, rhs, false)
      else if lhsConsts.isEmpty && !rhsConsts.isEmpty then
        (lhs, rhs, false)
      else if rhsConsts.isEmpty && !lhsConsts.isEmpty then
        (rhs, lhs, true)
      else
        if isReversedOrig then (rhs, lhs, false) else (lhs, rhs, false)

    let isReversed := isReversedOrig != needsFlip
    trace[interval_decide] "funcExpr={funcExpr}, boundExpr={boundExpr}, needsFlip={needsFlip}, isReversed={isReversed}"

    -- Try to extract the bound as a rational
    let boundRat? ← extractRatFromReal boundExpr

    -- If bound is not a rational, we have two transcendental expressions
    if boundRat?.isNone then
      trace[interval_decide] "Bound is not rational, trying difference approach"
      let diffExpr ←
        if isStrict then
          if isReversed then
            mkAppM ``HSub.hSub #[boundExpr, funcExpr]
          else
            mkAppM ``HSub.hSub #[boundExpr, funcExpr]
        else
          if isReversed then
            mkAppM ``HSub.hSub #[boundExpr, funcExpr]
          else
            mkAppM ``HSub.hSub #[boundExpr, funcExpr]

      trace[interval_decide] "diffExpr = {diffExpr}"

      let diffAst ←
        try
          pure (← reifyWithReport diffExpr).expr
        catch e =>
          return .error <| .unsupported (toString diffExpr)
            (← e.toMessageData.toString)
      let supportProof ←
        try mkSupportedCoreProof diffAst
        catch e =>
          return .error <| .unsupported (toString diffExpr)
            (← e.toMessageData.toString)
      let cfgExpr ← mkAppM ``EvalConfig.mk #[toExpr taylorDepth]

      let zeroRat : ℚ := 0
      let leProof ← mkAppM ``le_refl #[toExpr zeroRat]
      let intervalExpr ← mkAppM ``IntervalRat.mk #[toExpr zeroRat, toExpr zeroRat, leProof]

      let theoremName := if isStrict then ``verify_strict_lower_bound else ``verify_lower_bound
      let checkName := if isStrict then ``LeanCert.Validity.checkStrictLowerBound
                       else ``LeanCert.Validity.checkLowerBound

      let checkExpr ← mkAppM checkName #[diffAst, intervalExpr, toExpr zeroRat, cfgExpr]
      let certTy ← mkAppM ``Eq #[checkExpr, mkConst ``Bool.true]
      let certGoal ← mkFreshExprMVar certTy
      let certGoalId := certGoal.mvarId!
      let event ←
        match ← closeCertificateGoalTyped (← VerificationConfig.current) certGoalId
            (tacticName := "interval_decide") with
        | .accepted event => pure event
        | .rejected =>
            return .error <| .rejected
              "the Rational point checker evaluated to false"
        | .failed failure =>
            return .error <| .internalFailure
              (failure.message "interval_decide")

      let proof ← mkAppM theoremName #[diffAst, supportProof, intervalExpr, toExpr zeroRat, cfgExpr, certGoal]

      let zeroRatAsReal ← mkAppOptM ``Rat.cast #[mkConst ``Real, none, toExpr (0 : ℚ)]
      let h1 ← mkAppM ``le_refl #[zeroRatAsReal]
      let h2 ← mkAppM ``le_refl #[zeroRatAsReal]
      let memProof ← mkAppM ``And.intro #[h1, h2]
      let proofAtZero := Lean.mkApp2 proof zeroRatAsReal memProof

      let proofType ← inferType proofAtZero
      trace[interval_decide] "Difference proof type: {proofType}"

      setGoals [goal]
      let proofStx ← Term.exprToSyntax proofAtZero

      try
        evalTactic (← `(tactic| (
          have h0 := $proofStx;
          simp only [LeanCert.Core.Expr.eval, LeanCert.Core.Expr.eval_namedConst,
                     LeanCert.Core.Expr.eval_const, LeanCert.Core.Expr.eval_sqrt,
                     LeanCert.Core.Expr.eval_add, LeanCert.Core.Expr.eval_sub,
                     LeanCert.Core.Expr.eval_mul, LeanCert.Core.Expr.eval_neg,
                     LeanCert.Core.Expr.eval_exp, LeanCert.Core.Expr.eval_log,
                     LeanCert.Core.Expr.eval_sin, LeanCert.Core.Expr.eval_cos,
                     ← LeanCert.Core.Expr.sqrt_mul_self_eq_abs,
                     Rat.cast_ofNat, Rat.cast_intCast, Rat.cast_natCast,
                     Rat.cast_zero, sub_zero, zero_sub, neg_neg] at h0
        )))

        let hyps ← getLCtx
        for d in hyps do
          if d.userName.toString.startsWith "h0" then
            trace[interval_decide] "After first simp, h0 type: {← inferType d.toExpr}"

        evalTactic (← `(tactic| norm_num at h0))

        let hyps2 ← getLCtx
        for d in hyps2 do
          if d.userName.toString.startsWith "h0" then
            trace[interval_decide] "After norm_num, h0 type: {← inferType d.toExpr}"

        evalTactic (← `(tactic| (
          first
          | linarith
          | (simp only [Rat.divInt_eq_div, Rat.cast_div, Rat.cast_intCast, Rat.cast_natCast] at h0; linarith)
          | (norm_cast at h0; linarith)
          | (simp only [← sub_eq_add_neg] at h0; exact sub_pos.mp h0)
          | (simp only [← sub_eq_add_neg, sub_pos] at h0; exact h0)
          | (have h1 := lt_add_of_neg_add_lt_first h0; simp at h1; exact h1)
          | (have h1 := h0; ring_nf at h1; linarith)
        )))
        let remainingGoals ← getGoals
        if !remainingGoals.isEmpty then
          return .error <| .transportFailure
            "goal not closed after the certified difference proof"
        return .ok {
          checker := checkName
          verifier := theoremName
          verification := event.toUsage
          dyadic := false
          taylorDepth := taylorDepth
        }
      catch e =>
        trace[interval_decide] "Difference approach error: {e.toMessageData}"
        return .error <| .transportFailure (← e.toMessageData.toString)

    let some boundRat := boundRat?
      | return .error <| .unsupported (toString boundExpr)
          "could not extract a rational comparison bound"

    trace[interval_decide] "boundRat extracted: {boundRat}"

    let ast ←
      try
        pure (← reifyWithReport funcExpr).expr
      catch e =>
        return .error <| .unsupported (toString funcExpr)
          (← e.toMessageData.toString)
    trace[interval_decide] "ast reified"

    -- Helper: try to close the goal given a proof term for the bound
    let tryCloseWith (proofStx : TSyntax `term) : TacticM Bool := do
      -- Approach 1: Direct simp + exact
      try
        setGoals [goal]
        evalTactic (← `(tactic| have h0 := $proofStx))
        evalTactic (← `(tactic| (
          simp only [LeanCert.Core.Expr.eval, LeanCert.Core.Expr.eval_namedConst,
                     LeanCert.Core.Expr.eval_const, LeanCert.Core.Expr.eval_sqrt,
                     LeanCert.Core.Expr.eval_add, LeanCert.Core.Expr.eval_sub,
                     LeanCert.Core.Expr.eval_mul, LeanCert.Core.Expr.eval_neg,
                     LeanCert.Core.Expr.eval_exp, LeanCert.Core.Expr.eval_log,
                     LeanCert.Core.Expr.eval_sin, LeanCert.Core.Expr.eval_cos,
                     ← LeanCert.Core.Expr.sqrt_mul_self_eq_abs,
                     Rat.cast_ofNat, Rat.cast_intCast, Rat.cast_natCast] at h0
        )))
        evalTactic (← `(tactic| exact h0))
        return true
      catch _ => pure ()

      -- Approach 2: convert with norm_num
      setGoals [goal]
      try
        evalTactic (← `(tactic| (
          have h0 := $proofStx;
          simp only [LeanCert.Core.Expr.eval, LeanCert.Core.Expr.eval_namedConst,
                     LeanCert.Core.Expr.eval_const, LeanCert.Core.Expr.eval_sqrt,
                     LeanCert.Core.Expr.eval_add, LeanCert.Core.Expr.eval_sub,
                     LeanCert.Core.Expr.eval_mul, LeanCert.Core.Expr.eval_neg,
                     LeanCert.Core.Expr.eval_exp, LeanCert.Core.Expr.eval_log,
                     LeanCert.Core.Expr.eval_sin, LeanCert.Core.Expr.eval_cos,
                     ← LeanCert.Core.Expr.sqrt_mul_self_eq_abs,
                     Rat.cast_ofNat, Rat.cast_intCast, Rat.cast_natCast,
                     Rat.divInt_eq_div] at h0;
          convert! h0 using 1 <;> norm_num
        )))
        return true
      catch e2 =>
        trace[interval_decide] "Approach 2 failed: {e2.toMessageData}"

      -- Approach 3: Normalize goal bound first
      setGoals [goal]
      let boundRatStx ← Term.exprToSyntax (toExpr boundRat)
      try
        evalTactic (← `(tactic| (
          show $(← Term.exprToSyntax funcExpr) ≤ ↑($boundRatStx : ℚ)
        )))
        evalTactic (← `(tactic| (
          have h0 := $proofStx;
          simp only [LeanCert.Core.Expr.eval, LeanCert.Core.Expr.eval_namedConst,
                     LeanCert.Core.Expr.eval_const, LeanCert.Core.Expr.eval_sqrt,
                     LeanCert.Core.Expr.eval_add, LeanCert.Core.Expr.eval_sub,
                     LeanCert.Core.Expr.eval_mul, LeanCert.Core.Expr.eval_neg,
                     LeanCert.Core.Expr.eval_exp, LeanCert.Core.Expr.eval_log,
                     LeanCert.Core.Expr.eval_sin, LeanCert.Core.Expr.eval_cos,
                     ← LeanCert.Core.Expr.sqrt_mul_self_eq_abs,
                     Rat.cast_ofNat, Rat.cast_intCast, Rat.cast_natCast,
                     Rat.divInt_eq_div] at h0;
          exact h0
        )))
        return true
      catch e3 =>
        trace[interval_decide] "Approach 3 failed: {e3.toMessageData}"

      -- Approach 4: Use refine with explicit type cast
      setGoals [goal]
      try
        evalTactic (← `(tactic| (
          refine ?_;
          have h0 := $proofStx;
          simp only [LeanCert.Core.Expr.eval, LeanCert.Core.Expr.eval_namedConst,
                     LeanCert.Core.Expr.eval_const, LeanCert.Core.Expr.eval_sqrt,
                     LeanCert.Core.Expr.eval_add, LeanCert.Core.Expr.eval_sub,
                     LeanCert.Core.Expr.eval_mul, LeanCert.Core.Expr.eval_neg,
                     LeanCert.Core.Expr.eval_exp, LeanCert.Core.Expr.eval_log,
                     LeanCert.Core.Expr.eval_sin, LeanCert.Core.Expr.eval_cos,
                     ← LeanCert.Core.Expr.sqrt_mul_self_eq_abs,
                     Rat.cast_ofNat, Rat.cast_intCast, Rat.cast_natCast,
                     Rat.divInt_eq_div] at h0;
          exact_mod_cast h0
        )))
        return true
      catch e4 =>
        trace[interval_decide] "Approach 4 failed: {e4.toMessageData}"

      return false

    -- Try Dyadic first. Only a failed certificate check falls through to
    -- Rational; construction and transport exceptions remain implementation
    -- errors and escape this typed core.
    let dyadicSaved ← saveState
    let tryDyadic : TacticM (Except PointInequalityFailure
        (Option PointInequalityOutcome)) := do
      let prec := precision
      let precExpr := toExpr prec
      let depthExpr := toExpr taylorDepth
      let precLeZeroTy ← mkAppM ``LE.le #[precExpr, toExpr (0 : Int)]
      let precLeZeroProof ← mkDecideProof precLeZeroTy

      let zeroRat : ℚ := 0
      let leProof ← mkAppM ``le_refl #[toExpr zeroRat]

      let (dyadicTheoremName, dyadicCheckName) :=
        match isStrict, isReversed with
        | false, false => (``LeanCert.Validity.verify_upper_bound_dyadic_checked, ``LeanCert.Validity.checkUpperBoundDyadicChecked)
        | false, true  => (``LeanCert.Validity.verify_lower_bound_dyadic_checked, ``LeanCert.Validity.checkLowerBoundDyadicChecked)
        | true,  false => (``LeanCert.Validity.verify_strict_upper_bound_dyadic_checked, ``LeanCert.Validity.checkStrictUpperBoundDyadicChecked)
        | true,  true  => (``LeanCert.Validity.verify_strict_lower_bound_dyadic_checked, ``LeanCert.Validity.checkStrictLowerBoundDyadicChecked)

      trace[interval_decide] "Building dyadic certificate check"
      let dyadicCheckExpr ← mkAppM dyadicCheckName
        #[ast, toExpr zeroRat, toExpr zeroRat, leProof, toExpr boundRat, precExpr, depthExpr]
      let dyadicCertTy ← mkAppM ``Eq #[dyadicCheckExpr, mkConst ``Bool.true]
      let dyadicCertGoal ← mkFreshExprMVar dyadicCertTy
      let dyadicCertGoalId := dyadicCertGoal.mvarId!
      trace[interval_decide] "Verifying dyadic certificate"
      let event ←
        match ← closeCertificateGoalTyped (← VerificationConfig.current)
            dyadicCertGoalId (tacticName := "interval_decide") with
        | .accepted event => pure event
        | .rejected =>
            trace[interval_decide] "Dyadic certificate rejected"
            dyadicSaved.restore
            return .ok none
        | .failed failure =>
            dyadicSaved.restore
            return .error <| .internalFailure
              (failure.message "interval_decide")
      trace[interval_decide] "Dyadic certificate verified"

      let dyadicProof ← mkAppM dyadicTheoremName
        #[ast, toExpr zeroRat, toExpr zeroRat, leProof, toExpr boundRat,
          precExpr, depthExpr, precLeZeroProof, dyadicCertGoal]

      let zeroRatAsReal ← mkAppOptM ``Rat.cast #[mkConst ``Real, none, toExpr (0 : ℚ)]
      let h1 ← mkAppM ``le_refl #[zeroRatAsReal]
      let h2 ← mkAppM ``le_refl #[zeroRatAsReal]
      let memProof ← mkAppM ``And.intro #[h1, h2]
      let dyadicProofAtZero := Lean.mkApp2 dyadicProof zeroRatAsReal memProof

      let dyadicProofStxRaw ← Term.exprToSyntax dyadicProofAtZero
      let dyadicProofStx : TSyntax `term := ⟨dyadicProofStxRaw⟩
      let closed ← tryCloseWith dyadicProofStx
      if closed then
        pure <| .ok <| some {
          checker := dyadicCheckName
          verifier := dyadicTheoremName
          verification := event.toUsage
          dyadic := true
          precision := some prec
          taylorDepth := taylorDepth
        }
      else
        dyadicSaved.restore
        pure <| .error <| .transportFailure
          "certified Dyadic proof did not close the original point inequality"
    let dyadicResult ← tryDyadic
    match dyadicResult with
    | .ok (some outcome) => return .ok outcome
    | .ok none =>
        if !rationalFallback then
          return .error <| .inconclusive
            s!"The Dyadic point checker was inconclusive at precision \
              {precision} and Taylor depth {taylorDepth}."
    | .error failure => return .error failure

    let supportProof ←
      try mkSupportedCoreProof ast
      catch e =>
        return .error <| .unsupported (toString funcExpr)
          (← e.toMessageData.toString)
    trace[interval_decide] "supportProof generated"

    let cfgExpr ← mkAppM ``EvalConfig.mk #[toExpr taylorDepth]

    let zeroRat : ℚ := 0
    let leProof ← mkAppM ``le_refl #[toExpr zeroRat]
    let intervalExpr ← mkAppM ``IntervalRat.mk #[toExpr zeroRat, toExpr zeroRat, leProof]

    let theoremName :=
      if isStrict then
        if isReversed then ``verify_strict_lower_bound else ``verify_strict_upper_bound
      else
        if isReversed then ``verify_lower_bound else ``verify_upper_bound

    let checkName :=
      if isStrict then
        if isReversed then ``LeanCert.Validity.checkStrictLowerBound
        else ``LeanCert.Validity.checkStrictUpperBound
      else
        if isReversed then ``LeanCert.Validity.checkLowerBound
        else ``LeanCert.Validity.checkUpperBound

    trace[interval_decide] "Building certificate check"
    let checkExpr ← mkAppM checkName #[ast, intervalExpr, toExpr boundRat, cfgExpr]
    trace[interval_decide] "checkExpr built"
    let certTy ← mkAppM ``Eq #[checkExpr, mkConst ``Bool.true]
    let certGoal ← mkFreshExprMVar certTy
    let certGoalId := certGoal.mvarId!
    trace[interval_decide] "Verifying rational certificate"
    let event ←
      match ← closeCertificateGoalTyped (← VerificationConfig.current) certGoalId
          (tacticName := "interval_decide") with
      | .accepted event => pure event
      | .rejected =>
          return .error <| .rejected
            "the Rational point checker evaluated to false"
      | .failed failure =>
          return .error <| .internalFailure
            (failure.message "interval_decide")
    trace[interval_decide] "Certificate verified"

    let proof ← mkAppM theoremName #[ast, supportProof, intervalExpr, toExpr boundRat, cfgExpr, certGoal]

    let zeroRatAsReal ← mkAppOptM ``Rat.cast #[mkConst ``Real, none, toExpr (0 : ℚ)]
    let h1 ← mkAppM ``le_refl #[zeroRatAsReal]
    let h2 ← mkAppM ``le_refl #[zeroRatAsReal]
    let memProof ← mkAppM ``And.intro #[h1, h2]
    let proofAtZero := Lean.mkApp2 proof zeroRatAsReal memProof

    setGoals [goal]

    let proofStxRaw ← Term.exprToSyntax proofAtZero
    let proofStx : TSyntax `term := ⟨proofStxRaw⟩

    let proofType ← inferType proofAtZero
    trace[interval_decide] "Proof type: {proofType}"
    trace[interval_decide] "Goal type: {goalType}"

    let closed ← tryCloseWith proofStx
    if closed then
      return .ok {
        checker := checkName
        verifier := theoremName
        verification := event.toUsage
        dyadic := false
        taylorDepth := taylorDepth
      }
    return .error <| .transportFailure
      "certified Rational proof did not close the original point inequality"

/-- Coordinate Dyadic precision and Taylor depth for a closed point
inequality. The Rational fallback runs only in the final stage. -/
def proveClosedExpressionBoundAdaptiveTyped (goal : MVarId)
    (goalType : Lean.Expr) (policy : NumericalRefinementPolicy) :
    TacticM (Except PointInequalityFailure PointInequalityOutcome) := do
  let original ← saveState
  let mut lastFailure : Option PointInequalityFailure := none
  for stage in policy.stages do
    original.restore
    let isFinal := stage.index + 1 == policy.stageCount
    match ← proveClosedExpressionBoundTyped goal goalType stage.taylorDepth
        stage.dyadicPrecision isFinal with
    | .ok outcome => return .ok outcome
    | .error failure@(.inconclusive ..) => lastFailure := some failure
    | .error failure@(.rejected ..) => lastFailure := some failure
    | .error failure =>
        original.restore
        return .error failure
  original.restore
  return .error <| lastFailure.getD <|
    .inconclusive "the numerical refinement policy contains no stages"

private def proveClosedExpressionBoundAdaptiveOrThrow (goal : MVarId)
    (goalType : Lean.Expr) (policy : NumericalRefinementPolicy) : TacticM Unit := do
  match ← proveClosedExpressionBoundAdaptiveTyped goal goalType policy with
  | .ok _ => pure ()
  | .error (.unsupported expression detail) =>
      throwError "interval_decide: unsupported expression {expression}:\n{detail}"
  | .error (.rejected detail) =>
      throwError "interval_decide: certificate rejected:\n{detail}"
  | .error (.inconclusive detail) =>
      throwError "interval_decide: inconclusive:\n{detail}"
  | .error (.transportFailure detail) =>
      throwError "interval_decide: proof transport failed:\n{detail}"
  | .error (.internalFailure detail) =>
      throwError "interval_decide: certificate verification failed:\n{detail}"

/-- Point-inequality implementation under one coordinated refinement policy. -/
def intervalDecideCoreWithPolicy (policy : NumericalRefinementPolicy) : TacticM Unit := do
  let taylorDepth := policy.initialTaylorDepth
  intervalNormCore
  let goal ← getMainGoal
  let goalType ← goal.getType
  trace[interval_decide] "intervalDecideCore: goal type = {goalType}"

  let some (lhs, rhs, _isStrict, isReversed) ← parsePointIneq goalType
    | let diagReport ← mkDiagnosticReport "interval_decide" goalType "parse"
        (some m!"Expected a point inequality of form:\n\
                 • expr ≤ bound  (or <, ≥, >)\n\
                 • e.g., Real.exp 1 ≤ 3\n\n\
                 For universally quantified goals, use `certify_bound` instead.")
      throwError "interval_decide: Could not parse as point inequality.\n\n{diagReport}"

  let lhsIsConst ← toRat? lhs
  let rhsIsConst ← toRat? rhs
  let lhsConsts ← collectConstants lhs
  let rhsConsts ← collectConstants rhs

  let (funcExpr, boundExpr, needsFlip) :=
    if lhsIsConst.isSome && rhsIsConst.isNone then
      (rhs, lhs, true)
    else if rhsIsConst.isSome && lhsIsConst.isNone then
      (lhs, rhs, false)
    else if lhsConsts.isEmpty && !rhsConsts.isEmpty then
      (lhs, rhs, false)
    else if rhsConsts.isEmpty && !lhsConsts.isEmpty then
      (rhs, lhs, true)
    else
      if isReversed then (rhs, lhs, false) else (lhs, rhs, false)

  let actualIsReversed := isReversed != needsFlip
  trace[interval_decide] "funcExpr = {funcExpr}, boundExpr = {boundExpr}, needsFlip = {needsFlip}, actualIsReversed = {actualIsReversed}"

  let consts ← collectConstants funcExpr
  trace[interval_decide] "consts = {consts}"

  let hasFreeVars := funcExpr.hasFVar
  trace[interval_decide] "hasFreeVars = {hasFreeVars}"

  let c : ℚ ←
    if !hasFreeVars then
      trace[interval_decide] "No free variables, trying closed expression path"
      try
        proveClosedExpressionBoundAdaptiveOrThrow goal goalType policy
        return
      catch e =>
        trace[interval_decide] "Closed expression path on original goal failed: {e.toMessageData}"
      let mut currentGoal := goal
      let mut currentGoalType := goalType
      try
        evalTactic (← `(tactic| norm_num))
        let remainingGoals ← getGoals
        if remainingGoals.isEmpty then
          return
        else
          let isAssignedAfter ← goal.isAssigned
          if isAssignedAfter && !remainingGoals.isEmpty then
            currentGoal := remainingGoals.head!
            currentGoalType ← currentGoal.getType
      catch _ => pure ()

      try
        proveClosedExpressionBoundAdaptiveOrThrow currentGoal currentGoalType policy
        return
      catch _ => pure ()

      trace[interval_decide] "Falling through to fallback"
      if consts.isEmpty then pure 0 else pure consts.head!
    else
      if consts.isEmpty then pure 0 else pure consts.head!

  let goalsBefore ← getGoals
  try
    evalTactic (← `(tactic| norm_num))
    let goalsAfter ← getGoals
    if goalsAfter.isEmpty || goalsAfter.length < goalsBefore.length then
      return
  catch _ => pure ()

  let cStx : Lean.Term ←
    if c.den == 1 then
      if c.num >= 0 then
        pure ⟨Syntax.mkNumLit (toString c.num)⟩
      else
        `(- $(Syntax.mkNumLit (toString (-c.num))))
    else
      if c.num >= 0 then
        `($(Syntax.mkNumLit (toString c.num)) / $(Syntax.mkNumLit (toString c.den)))
      else
        `(- ($(Syntax.mkNumLit (toString (-c.num))) / $(Syntax.mkNumLit (toString c.den))))

  let depthStx := Syntax.mkNumLit (toString taylorDepth)

  try
    evalTactic (← `(tactic|
      (have h : ∀ x ∈ Set.Icc ($cStx : ℝ) $cStx, _ := by certify_bound $depthStx) <;>
      exact h $cStx ⟨le_refl $cStx, le_refl $cStx⟩
    ))
    return
  catch _ => pure ()

  let cStr := if c.den == 1 then s!"{c.num}" else s!"{c.num}/{c.den}"
  let funcStr ← Meta.ppExpr funcExpr
  let boundStr ← Meta.ppExpr boundExpr
  throwError "interval_decide: Could not automatically prove this inequality.\n\n\
              Detected:\n\
              • Function: {funcStr}\n\
              • Bound: {boundStr}\n\
              • Evaluation point: {cStr}\n\n\
              Suggestions:\n\
              • Try increasing depth: `interval_decide 30`\n\
              • Check if the bound is mathematically correct\n\n\
              Manual workaround pattern:\n\
              ```lean\n\
              have h : ∀ x ∈ Set.Icc ({cStr}:ℝ) {cStr}, f x ≤ bound := by certify_bound\n\
              exact h {cStr} ⟨le_refl {cStr}, le_refl {cStr}⟩\n\
              ```\n\
              Replace `f x` with your expression (using `x` instead of `{cStr}`)."

/-- Compatibility entry point with fixed Taylor depth and adaptive Dyadic
precision. -/
def intervalDecideCore (taylorDepth : Nat) : TacticM Unit :=
  intervalDecideCoreWithPolicy
    (NumericalRefinementPolicy.fixedTaylor taylorDepth 0)

/-! ### Depth estimation helpers -/

/-- Compute `ceil(|q|)` for a rational `q` as a `Nat`. -/
private def ratCeilAbs (q : ℚ) : Nat :=
  let a := q.num.natAbs
  let d := q.den
  (a + d - 1) / d

/-- Heuristic reduction factor for exp (mirrors `IntervalRat.expReduceK`). -/
private def expReduceKMeta (q : ℚ) : Nat :=
  Nat.log2 (ratCeilAbs q + 1)

private def isConstNameIn (n : Lean.Name) (names : List Lean.Name) : Bool :=
  names.any (fun m => n == m)

/-- Heuristic exp depth estimate using argument reduction.
    We approximate the required depth based on |q/2^k|, where k = log2(ceil|q|+1). -/
private def expDepthEstimate (q : ℚ) : Nat :=
  let k := expReduceKMeta q
  let q' : ℚ := q / (2 ^ k : Nat)
  (q'.num.natAbs * 7 / q'.den).max 10

/-- Estimate the Taylor depth needed based on constants inside transcendental functions.
    For `exp(c)`, we account for argument reduction and use roughly `7 * |c/2^k|` terms.
    For `sin(c)`, `cos(c)`, convergence requires roughly `3 * |c|` terms.
    Returns at least 10. -/
private partial def estimateTranscendentalDepth (e : Lean.Expr) : MetaM Nat := do
  let mut maxDepth : Nat := 10
  let estimate ← go e
  return Nat.max maxDepth estimate
where
  go (e : Lean.Expr) : MetaM Nat := do
    let e ← instantiateMVars e
    let fn := e.getAppFn
    let args := e.getAppArgs
    -- Check for transcendental functions
    if fn.isConst then
      let name := fn.constName!
      -- exp, sinh, cosh need ~7x the argument magnitude (with exp reduction)
      if isConstNameIn name [``Real.exp, ``Real.sinh, ``Real.cosh] then
        if args.size > 0 then
          let arg := args.back!
          if let some q ← extractRatFromReal arg then
            let mag := expDepthEstimate q
            let childDepth ← go arg
            return Nat.max mag childDepth
          else
            -- Recurse into the argument to find nested constants
            let childDepth ← go arg
            return childDepth
      -- sin, cos need ~3x the argument magnitude
      if isConstNameIn name [``Real.sin, ``Real.cos] then
        if args.size > 0 then
          let arg := args.back!
          if let some q ← extractRatFromReal arg then
            let mag := (q.num.natAbs * 3 / q.den).max 10
            let childDepth ← go arg
            return Nat.max mag childDepth
          else
            let childDepth ← go arg
            return childDepth
      -- log needs ~3x for large arguments
      if name == ``Real.log then
        if args.size > 0 then
          let arg := args.back!
          if let some q ← extractRatFromReal arg then
            let mag := (q.num.natAbs * 3 / q.den).max 10
            let childDepth ← go arg
            return Nat.max mag childDepth
          else
            let childDepth ← go arg
            return childDepth
    -- For binary ops (add, mul, sub, div), recurse into both sides
    if fn.isConst then
      let name := fn.constName!
      if name == ``HAdd.hAdd || name == ``HSub.hSub ||
         name == ``HMul.hMul || name == ``HDiv.hDiv then
        if args.size >= 6 then
          let d1 ← go args[4]!
          let d2 ← go args[5]!
          return Nat.max d1 d2
      if name == ``Neg.neg && args.size >= 3 then
        return ← go args[2]!
    return 10

/-- Flatten a real-valued addition expression into its summand terms. -/
private partial def flattenAdd (e : Lean.Expr) : List Lean.Expr :=
  let fn := e.getAppFn
  let args := e.getAppArgs
  if fn.isConst && fn.constName! == ``HAdd.hAdd && args.size >= 6 then
    flattenAdd args[4]! ++ flattenAdd args[5]!
  else
    [e]

/-- Rebuild a real-valued sum expression from a list of terms. -/
private def rebuildSum (terms : List Lean.Expr) : MetaM Lean.Expr := do
  match terms with
  | [] => throwError "rebuildSum: empty list"
  | [t] => pure t
  | t :: rest => do
    let acc ← rebuildSum rest
    mkAppM ``HAdd.hAdd #[t, acc]

/-- Compute an upper bound for a real expression by reifying it and evaluating the interval.
    Returns the `.hi` of the interval as a rational number, cast to ℝ syntax. -/
private def computeUpperBoundExpr (e : Lean.Expr) (taylorDepth : Nat) : MetaM Lean.Expr := do
  -- Reify the expression to a LeanCert.Core.Expr
  let ast := (← reifyWithReport e).expr
  let cfgExpr ← mkAppM ``EvalConfig.mk #[toExpr taylorDepth]
  let zeroRat : ℚ := 0
  let leProof ← mkAppM ``le_refl #[toExpr zeroRat]
  let intervalExpr ← mkAppM ``IntervalRat.mk #[toExpr zeroRat, toExpr zeroRat, leProof]
  -- Build: (LeanCert.Internal.Rational.evalTotalCore1 ast interval cfg).hi
  let evalResult ← mkAppM ``LeanCert.Internal.Rational.evalTotalCore1 #[ast, intervalExpr, cfgExpr]
  let hiExpr ← mkAppM ``IntervalRat.hi #[evalResult]
  -- Reduce to a concrete rational value
  let hiReduced ← withTransparency TransparencyMode.all <| reduce hiExpr
  -- Return as ↑(q : ℚ) : ℝ
  mkAppOptM ``Rat.cast #[mkConst ``Real, none, hiReduced]

/-- Try to prove a point inequality by splitting large sums into smaller groups.
    Each group is proved separately via `interval_decide`, then combined with `linarith`.
    Returns `true` if the goal was closed. -/
private def trySumSplitting (taylorDepth : Nat) (groupSize : Nat := 10) : TacticM Bool := do
  let goal ← getMainGoal
  let goalType ← goal.getType
  -- Parse as point inequality
  let some (lhs, _rhs, isStrict, _isReversed) ← parsePointIneq goalType
    | return false
  -- Only handle non-strict ≤ for now
  if isStrict then return false
  -- The function side should be a sum (any size, we'll try direct proof first)
  let terms := flattenAdd lhs
  -- Skip single terms (not a sum) but allow small sums (≥2 terms)
  if terms.length < 2 then return false
  trace[interval_decide] "Sum splitting: found {terms.length} terms, splitting into groups of {groupSize}"
  -- Partition into groups
  let mut groups : Array (List Lean.Expr) := #[]
  let termsArr := terms.toArray
  let mut i := 0
  while i < termsArr.size do
    let endIdx := min (i + groupSize) termsArr.size
    groups := groups.push (termsArr.toList.drop i |>.take (endIdx - i))
    i := endIdx
  -- For each group, compute its interval upper bound and prove the sub-inequality
  for (group, idx) in groups.toList.zip (List.range groups.size) do
    let groupExpr ← rebuildSum group
    -- Compute the upper bound for this group via interval evaluation
    let boundExpr ← try
      computeUpperBoundExpr groupExpr taylorDepth
    catch _ =>
      trace[interval_decide] "Sum splitting: failed to compute bound for group {idx}"
      return false
    let boundStx ← Term.exprToSyntax boundExpr
    let groupStx ← Term.exprToSyntax groupExpr
    let haveNameId := mkIdent (Name.mkSimple s!"h_group_{idx}")
    try
      -- Create the have goal and prove it with intervalDecideCore
      evalTactic (← `(tactic|
        have $haveNameId : $groupStx ≤ $boundStx := by skip
      ))
      -- The new goal from `skip` is `groupExpr ≤ boundExpr`
      intervalDecideCore taylorDepth
    catch _ =>
      trace[interval_decide] "Sum splitting: failed to prove group {idx}"
      return false
  -- Close the original goal with linarith using all the group bounds
  try
    evalTactic (← `(tactic| linarith))
    return true
  catch _ =>
    trace[interval_decide] "Sum splitting: linarith failed to combine group bounds"
    return false

/-! ### Ceiling/Floor Preprocessing

Goals involving `⌈e⌉₊` (Nat.ceil) cannot be reified into the `Expr` AST because
it has no constructor for ceiling.  Instead we reduce to a pure real inequality:

* `⌈e⌉₊ + k ≤ n`  ⟹  prove `e ≤ ↑(n - k)` by `interval_decide`,
  then close via `Nat.ceil_le` + `omega`.
-/

/-- Parse an expression as `⌈e⌉₊ + k`, `k + ⌈e⌉₊`, or just `⌈e⌉₊`.
    Returns `(ceilApp, innerRealExpr, offset)`. -/
private def parseCeilPlusOffset (e : Lean.Expr) : MetaM (Option (Lean.Expr × Lean.Expr × ℕ)) := do
  -- Direct: e = Nat.ceil ... (offset = 0)
  let eFn := e.getAppFn
  if eFn.isConstOf ``Nat.ceil && e.getAppArgs.size >= 2 then
    return some (e, e.getAppArgs.back!, 0)
  -- Addition: e = a + b
  let eArgs := e.getAppArgs
  if eFn.isConstOf ``HAdd.hAdd && eArgs.size >= 6 then
    let a := eArgs[4]!
    let b := eArgs[5]!
    -- a = ⌈inner⌉₊, b = k
    let aFn := a.getAppFn
    if aFn.isConstOf ``Nat.ceil && a.getAppArgs.size >= 2 then
      let bRed ← withTransparency TransparencyMode.all <| reduce b
      if let some k := bRed.rawNatLit? then
        return some (a, a.getAppArgs.back!, k)
    -- b = ⌈inner⌉₊, a = k
    let bFn := b.getAppFn
    if bFn.isConstOf ``Nat.ceil && b.getAppArgs.size >= 2 then
      let aRed ← withTransparency TransparencyMode.all <| reduce a
      if let some k := aRed.rawNatLit? then
        return some (b, b.getAppArgs.back!, k)
  return none

/-- Try to close a goal of the form `⌈e⌉₊ + k ≤ n` (or `⌈e⌉₊ ≤ n`, `n ≥ ⌈e⌉₊ + k`, …)
    by proving a sufficient real-valued inequality.

    Strategy:
    1. Create a sub-goal `innerExpr ≤ ↑(n − k)` and prove it with `intervalDecideCore`
    2. Derive `⌈innerExpr⌉₊ ≤ n − k` via `Nat.ceil_le`
    3. Close the original goal with `omega`

    Returns `true` if the goal was closed. -/
private def tryCeilPreprocess (taylorDepth : Nat) : TacticM Bool := do
  let goal ← getMainGoal
  let goalType ← goal.getType
  let goalTypeW ← whnf goalType
  let fn := goalTypeW.getAppFn
  let args := goalTypeW.getAppArgs
  -- Must be an inequality on ℕ.  After whnf it might be:
  --   LE.le  ℕ inst lhs rhs  (4 args)
  --   Nat.le lhs rhs          (2 args, whnf-reduced)
  --   GE.ge  ℕ inst lhs rhs  (4 args)
  let (lhs, rhs, isGe) ←
    if fn.isConstOf ``LE.le && args.size >= 4 then
      let ty ← whnf args[0]!
      unless ty.isConstOf ``Nat do return false
      pure (args[2]!, args[3]!, false)
    else if fn.isConstOf ``Nat.le && args.size >= 2 then
      pure (args[0]!, args[1]!, false)
    else if fn.isConstOf ``GE.ge && args.size >= 4 then
      let ty ← whnf args[0]!
      unless ty.isConstOf ``Nat do return false
      pure (args[2]!, args[3]!, true)
    else return false
  -- Orient so that the ceil is on the "small" side: ceil_side ≤ bound_side
  let (ceilSide, boundSide) := if isGe then (rhs, lhs) else (lhs, rhs)
  -- Find Nat.ceil in the ceil side
  let some (_ceilApp, innerExpr, offset) ← parseCeilPlusOffset ceilSide | return false
  trace[interval_decide] "Ceil preprocessing: inner = {innerExpr}, offset = {offset}"
  -- Evaluate RHS to a concrete ℕ
  let boundRed ← withTransparency TransparencyMode.all <| reduce boundSide
  let some boundVal := boundRed.rawNatLit? | return false
  -- Compute the target: n − k (in ℕ)
  if offset > boundVal then return false
  let targetVal := boundVal - offset
  trace[interval_decide] "Ceil preprocessing: proving {innerExpr} ≤ ({targetVal} : ℝ)"
  try
    -- Build  (targetVal : ℝ)  as  @OfNat.ofNat ℝ targetVal inst
    let realTy := Lean.mkConst ``Real
    let targetNatLit := mkNatLit targetVal
    let targetRealExpr ← mkAppOptM ``OfNat.ofNat #[some realTy, some targetNatLit, none]
    -- Build the real inequality type:  innerExpr ≤ (targetVal : ℝ)
    let realIneqType ← mkAppM ``LE.le #[innerExpr, targetRealExpr]
    -- Create a fresh metavariable for the proof
    let realProofMVar ← mkFreshExprMVar (some realIneqType) .natural `h_real_bound
    let realGoalId := realProofMVar.mvarId!
    -- Save original goals, focus on the real sub-goal
    let origGoals ← getGoals
    setGoals [realGoalId]
    -- Prove the real inequality with intervalDecideCore
    intervalDecideCore taylorDepth
    trace[interval_decide] "Ceil preprocessing: real inequality proved"
    -- Now build  ⌈innerExpr⌉₊ ≤ targetVal  via Nat.ceil_le.mpr
    -- Nat.ceil_le has type: ⌈a⌉₊ ≤ n ↔ a ≤ ↑n
    -- The RHS of the iff is  a ≤ ↑n  where ↑n = @Nat.cast ℝ _ n
    -- Our proof is  a ≤ (targetVal : ℝ)  which uses OfNat, not Nat.cast.
    -- These should be definitionally equal.  Use `Iff.mpr` with the proof.
    let ceilLeIff ← mkAppOptM ``Nat.ceil_le
      #[some realTy, none, none, none, some innerExpr, some targetNatLit]
    let ceilLeProof ← mkAppM ``Iff.mpr #[ceilLeIff, realProofMVar]
    let ceilIneqType ← inferType ceilLeProof
    -- Restore original goal and add h_ceil_bound as hypothesis, then omega
    setGoals origGoals
    let mainGoal ← getMainGoal
    let newGoal ← mainGoal.assert `h_ceil_bound ceilIneqType ceilLeProof
    let (_, newGoal) ← newGoal.intro `h_ceil_bound
    replaceMainGoal [newGoal]
    evalTactic (← `(tactic| omega))
    return true
  catch e =>
    trace[interval_decide] "Ceil preprocessing failed: {e.toMessageData}"
    return false

/-- Run interval_decide on a single goal (non-conjunction) -/
private def intervalDecideSingle (depth : Option Nat) : TacticM Unit := do
  -- Try ceiling/floor preprocessing first (for goals like ⌈e⌉₊ + k ≤ n).
  -- We estimate the Taylor depth from the inner real expression and try a few depths.
  let goalType ← getMainTarget
  let est ← estimateTranscendentalDepth goalType
  let ceilDepths : List Nat := match depth with
    | some d => [d]
    | none => if est > 10 then [est, est + 10, est + 20] else [10, 15, 20, 25, 30]
  let goalState ← saveState
  for d in ceilDepths do
    try
      restoreState goalState
      if ← tryCeilPreprocess d then return
    catch _ => continue
  restoreState goalState
  match depth with
  | some n =>
    let goalState ← saveState
    try
      intervalDecideCore n
      return
    catch e =>
      restoreState goalState
      let splitSuccess ← trySumSplitting n
      if splitSuccess then return
      throw e
  | none =>
    let goalType ← getMainTarget
    let est ← estimateTranscendentalDepth goalType
    let initialDepth := if est > 10 then est else 10
    let policy := NumericalRefinementPolicy.adaptive initialDepth 0
    trace[interval_decide] "Estimated depth: {est}, refinement stages: {repr policy.stages}"
    let goalState ← saveState
    try
      intervalDecideCoreWithPolicy policy
      return
    catch e =>
      restoreState goalState
      let finalDepth := initialDepth + 2 * policy.taylorDepthStep
      let splitSuccess ← trySumSplitting finalDepth
      if splitSuccess then return
      throw e

/-- Recursively handle conjunctions and disjunctions, then apply intervalDecideSingle -/
partial def intervalDecideWithConnectives (depth : Option Nat) : TacticM Unit := do
  intervalNormCore
  let goal ← getMainTarget
  if goal.isAppOfArity ``And 2 then
    evalTactic (← `(tactic| constructor))
    let goals ← getGoals
    match goals with
    | g1 :: g2 :: rest =>
      setGoals [g1]
      intervalDecideWithConnectives depth
      setGoals [g2]
      intervalDecideWithConnectives depth
      setGoals rest
    | [g1] =>
      setGoals [g1]
      intervalDecideWithConnectives depth
    | [] =>
      pure ()
  else if goal.isAppOfArity ``Or 2 then
    let savedState ← saveState
    try
      evalTactic (← `(tactic| left))
      intervalDecideWithConnectives depth
    catch _ =>
      savedState.restore
      evalTactic (← `(tactic| right))
      intervalDecideWithConnectives depth
  else
    intervalDecideSingle depth

elab "interval_decide" depth:(num)? t:(leancertTrustItem)? : tactic => do
  -- Validate `leancert.trust` up front so a bad value surfaces as its own
  -- error rather than as a generic tactic failure inside the proof cascade.
  discard <| VerificationConfig.current
  withTrustMode (← elabTrustItem? t) do
    intervalDecideWithConnectives (depth.map (·.getNat))

end LeanCert.Tactic.Auto

