NLA/IE05/QR.lean:32:35: error(lean.unknownIdentifier): Unknown identifier `i`
NLA/IE05/QR.lean:32:37: error(lean.unknownIdentifier): Unknown identifier `j`
NLA/IE05/QR.lean:32:40: error(lean.unknownIdentifier): Unknown identifier `h`
NLA/IE05/QR.lean:31:25: error: Type mismatch: After simplification, term
  congrArg
 has type
  ∀ (f : ?m.44 → ?m.45), ?m.46 = ?m.47 → f ?m.46 = f ?m.47
but is expected to have type
  ∀ (i j : Fin n), (Matrix.transpose Q * Q) i j = if i = j then 1 else 0
NLA/IE05/QR.lean:28:57: error: unsolved goals
n : ℕ
Q : Mat n
⊢ Orthogonal Q ↔ ∀ (i j : Fin n), (Matrix.transpose Q * Q) i j = if i = j then 1 else 0
NLA/IE05/QR.lean:68:6: error: Tactic `rewrite` failed: Did not find an occurrence of the pattern
  ∑ i < j, ⟪gramSchmidt ℝ f j, (⟪gramSchmidt ℝ f i, f j⟫_ℝ / ‖gramSchmidt ℝ f i‖ ^ 2) • gramSchmidt ℝ f i⟫_ℝ
in the target expression
  ⟪gramSchmidt ℝ f j, gramSchmidt ℝ f j⟫_ℝ +
      ∑ i < j, ⟪gramSchmidt ℝ f j, (⟪gramSchmidt ℝ f i, f j⟫_ℝ / ↑‖gramSchmidt ℝ f i‖ ^ 2) • gramSchmidt ℝ f i⟫_ℝ =
    ‖gramSchmidt ℝ f j‖ ^ 2

n : ℕ
f : Fin n → EuclideanSpace ℝ (Fin n)
j : Fin n
hz : ∑ i < j, ⟪gramSchmidt ℝ f j, (⟪gramSchmidt ℝ f i, f j⟫_ℝ / ‖gramSchmidt ℝ f i‖ ^ 2) • gramSchmidt ℝ f i⟫_ℝ = 0
⊢ ⟪gramSchmidt ℝ f j, gramSchmidt ℝ f j⟫_ℝ +
      ∑ i < j, ⟪gramSchmidt ℝ f j, (⟪gramSchmidt ℝ f i, f j⟫_ℝ / ↑‖gramSchmidt ℝ f i‖ ^ 2) • gramSchmidt ℝ f i⟫_ℝ =
    ‖gramSchmidt ℝ f j‖ ^ 2
NLA/IE05/QR.lean:90:4: error(lean.unknownIdentifier): Unknown constant `Matrix.mul_eq_one_comm.mp`
NLA/IE05/QR.lean:94:53: error: unsolved goals
n : ℕ
i j : Fin n
hij : OrderDual.toDual j < OrderDual.toDual i
⊢ (if i = j then 1 else if j < i then -1 else 0) = 0
NLA/IE05/QR.lean:96:27: warning: This simp argument is unused:
  ne_of_lt hij

Hint: Omit it from the simp argument list.
  [apply] simp [prescribedLower, not_lt_of_ge hij.le]

Note: This linter can be disabled with `set_option linter.unusedSimpArgs false`
NLA/IE05/QR.lean:96:41: warning: This simp argument is unused:
  not_lt_of_ge hij.le

Hint: Omit it from the simp argument list.
  [apply] simp [prescribedLower, ne_of_lt hij]

Note: This linter can be disabled with `set_option linter.unusedSimpArgs false`
'NLA.IE05._proved.euclideanColumns_inner' depends on axioms: [propext, Classical.choice, Quot.sound]
'NLA.IE05._proved.orthogonal_iff_orthonormal_columns' depends on axioms: [propext,
 sorryAx,
 Classical.choice,
 Quot.sound]
NLA/IE05/QR.lean:103:21: error: #assert_trust: 'NLA.IE05._proved.orthogonal_iff_orthonormal_columns' depends on sorry or unrecognized axioms
  foundational: propext, Classical.choice, Quot.sound
  sorryAx: sorryAx
'NLA.IE05._proved.euclideanColumns_linearIndependent' depends on axioms: [propext, Classical.choice, Quot.sound]
'NLA.IE05._proved.euclideanColumns_normalizedQRQ' depends on axioms: [propext, Classical.choice, Quot.sound]
'NLA.IE05._proved.normalizedQRQ_orthogonal' depends on axioms: [propext, sorryAx, Classical.choice, Quot.sound]
NLA/IE05/QR.lean:109:21: error: #assert_trust: 'NLA.IE05._proved.normalizedQRQ_orthogonal' depends on sorry or unrecognized axioms
  foundational: propext, Classical.choice, Quot.sound
  sorryAx: sorryAx
'NLA.IE05._proved.gramSchmidt_inner_original' depends on axioms: [propext, sorryAx, Classical.choice, Quot.sound]
NLA/IE05/QR.lean:111:21: error: #assert_trust: 'NLA.IE05._proved.gramSchmidt_inner_original' depends on sorry or unrecognized axioms
  foundational: propext, Classical.choice, Quot.sound
  sorryAx: sorryAx
'NLA.IE05._proved.normalizedQRQ_upper' depends on axioms: [propext, Classical.choice, Quot.sound]
'NLA.IE05._proved.normalizedQRQ_diagonal_pos' depends on axioms: [propext, sorryAx, Classical.choice, Quot.sound]
NLA/IE05/QR.lean:115:21: error: #assert_trust: 'NLA.IE05._proved.normalizedQRQ_diagonal_pos' depends on sorry or unrecognized axioms
  foundational: propext, Classical.choice, Quot.sound
  sorryAx: sorryAx
'NLA.IE05._proved.normalizedQRQ_positiveQR' depends on axioms: [propext, sorryAx, Classical.choice, Quot.sound]
NLA/IE05/QR.lean:117:21: error: #assert_trust: 'NLA.IE05._proved.normalizedQRQ_positiveQR' depends on sorry or unrecognized axioms
  foundational: propext, Classical.choice, Quot.sound
  sorryAx: sorryAx
'NLA.IE05._proved.prescribedLower_det' depends on axioms: [propext, sorryAx, Classical.choice, Quot.sound]
NLA/IE05/QR.lean:119:21: error: #assert_trust: 'NLA.IE05._proved.prescribedLower_det' depends on sorry or unrecognized axioms
  foundational: propext, Classical.choice, Quot.sound
  sorryAx: sorryAx
