cwd: /tmp/nla-lean-is02-project/eigenvalues-and-inverse-problems/IS-02/lean
argv: lean -R /tmp/nla-lean-is02-project/eigenvalues-and-inverse-problems/IS-02/lean -o /var/folders/pw/wkdn0vxs0b54swhpwjg6s0x00000gn/T/nla-is02-proof-typecheck.an46Oh/out/NLA/IS02/Proof.olean /tmp/nla-lean-is02-project/eigenvalues-and-inverse-problems/IS-02/lean/NLA/IS02/Proof.lean
/tmp/nla-lean-is02-project/eigenvalues-and-inverse-problems/IS-02/lean/NLA/IS02/Proof.lean:67:2: warning: Unused tactic linter: `norm_num` does nothing

Note: This linter can be disabled with `set_option linter.unusedTactic false`
/tmp/nla-lean-is02-project/eigenvalues-and-inverse-problems/IS-02/lean/NLA/IS02/Proof.lean:322:10: warning: This simp argument is unused:
  Equiv.Perm.mul_apply

Hint: Omit it from the simp argument list.
  [apply] simp [Equiv.swap_apply_def]

Note: This linter can be disabled with `set_option linter.unusedSimpArgs false`
/tmp/nla-lean-is02-project/eigenvalues-and-inverse-problems/IS-02/lean/NLA/IS02/Proof.lean:322:32: warning: This simp argument is unused:
  Equiv.swap_apply_def

Hint: Omit it from the simp argument list.
  [apply] simp [Equiv.Perm.mul_apply]

Note: This linter can be disabled with `set_option linter.unusedSimpArgs false`
/tmp/nla-lean-is02-project/eigenvalues-and-inverse-problems/IS-02/lean/NLA/IS02/Proof.lean:324:10: warning: This simp argument is unused:
  Equiv.Perm.mul_apply

Hint: Omit it from the simp argument list.
  [apply] simp [Equiv.swap_apply_def]

Note: This linter can be disabled with `set_option linter.unusedSimpArgs false`
/tmp/nla-lean-is02-project/eigenvalues-and-inverse-problems/IS-02/lean/NLA/IS02/Proof.lean:324:32: warning: This simp argument is unused:
  Equiv.swap_apply_def

Hint: Omit it from the simp argument list.
  [apply] simp [Equiv.Perm.mul_apply]

Note: This linter can be disabled with `set_option linter.unusedSimpArgs false`
/tmp/nla-lean-is02-project/eigenvalues-and-inverse-problems/IS-02/lean/NLA/IS02/Proof.lean:326:10: warning: This simp argument is unused:
  Equiv.Perm.mul_apply

Hint: Omit it from the simp argument list.
  [apply] simp [Equiv.swap_apply_def]

Note: This linter can be disabled with `set_option linter.unusedSimpArgs false`
/tmp/nla-lean-is02-project/eigenvalues-and-inverse-problems/IS-02/lean/NLA/IS02/Proof.lean:326:32: warning: This simp argument is unused:
  Equiv.swap_apply_def

Hint: Omit it from the simp argument list.
  [apply] simp [Equiv.Perm.mul_apply]

Note: This linter can be disabled with `set_option linter.unusedSimpArgs false`
/tmp/nla-lean-is02-project/eigenvalues-and-inverse-problems/IS-02/lean/NLA/IS02/Proof.lean:328:10: warning: This simp argument is unused:
  Equiv.Perm.mul_apply

Hint: Omit it from the simp argument list.
  [apply] simp [Equiv.swap_apply_def]

Note: This linter can be disabled with `set_option linter.unusedSimpArgs false`
/tmp/nla-lean-is02-project/eigenvalues-and-inverse-problems/IS-02/lean/NLA/IS02/Proof.lean:328:32: warning: This simp argument is unused:
  Equiv.swap_apply_def

Hint: Omit it from the simp argument list.
  [apply] simp [Equiv.Perm.mul_apply]

Note: This linter can be disabled with `set_option linter.unusedSimpArgs false`
/tmp/nla-lean-is02-project/eigenvalues-and-inverse-problems/IS-02/lean/NLA/IS02/Proof.lean:400:10: warning: This simp argument is unused:
  Equiv.Perm.mul_apply

Hint: Omit it from the simp argument list.
  [apply] simp [Equiv.swap_apply_def]

Note: This linter can be disabled with `set_option linter.unusedSimpArgs false`
/tmp/nla-lean-is02-project/eigenvalues-and-inverse-problems/IS-02/lean/NLA/IS02/Proof.lean:402:10: warning: This simp argument is unused:
  Equiv.Perm.mul_apply

Hint: Omit it from the simp argument list.
  [apply] simp [Equiv.swap_apply_def]

Note: This linter can be disabled with `set_option linter.unusedSimpArgs false`
/tmp/nla-lean-is02-project/eigenvalues-and-inverse-problems/IS-02/lean/NLA/IS02/Proof.lean:402:32: warning: This simp argument is unused:
  Equiv.swap_apply_def

Hint: Omit it from the simp argument list.
  [apply] simp [Equiv.Perm.mul_apply]

Note: This linter can be disabled with `set_option linter.unusedSimpArgs false`
/tmp/nla-lean-is02-project/eigenvalues-and-inverse-problems/IS-02/lean/NLA/IS02/Proof.lean:404:10: warning: This simp argument is unused:
  Equiv.Perm.mul_apply

Hint: Omit it from the simp argument list.
  [apply] simp [Equiv.swap_apply_def]

Note: This linter can be disabled with `set_option linter.unusedSimpArgs false`
/tmp/nla-lean-is02-project/eigenvalues-and-inverse-problems/IS-02/lean/NLA/IS02/Proof.lean:404:32: warning: This simp argument is unused:
  Equiv.swap_apply_def

Hint: Omit it from the simp argument list.
  [apply] simp [Equiv.Perm.mul_apply]

Note: This linter can be disabled with `set_option linter.unusedSimpArgs false`
/tmp/nla-lean-is02-project/eigenvalues-and-inverse-problems/IS-02/lean/NLA/IS02/Proof.lean:406:10: warning: This simp argument is unused:
  Equiv.Perm.mul_apply

Hint: Omit it from the simp argument list.
  [apply] simp [Equiv.swap_apply_def]

Note: This linter can be disabled with `set_option linter.unusedSimpArgs false`
/tmp/nla-lean-is02-project/eigenvalues-and-inverse-problems/IS-02/lean/NLA/IS02/Proof.lean:482:32: warning: This simp argument is unused:
  Equiv.swap_apply_def

Hint: Omit it from the simp argument list.
  [apply] simp [Equiv.Perm.mul_apply]

Note: This linter can be disabled with `set_option linter.unusedSimpArgs false`
/tmp/nla-lean-is02-project/eigenvalues-and-inverse-problems/IS-02/lean/NLA/IS02/Proof.lean:556:32: warning: This simp argument is unused:
  Equiv.swap_apply_def

Hint: Omit it from the simp argument list.
  [apply] simp [Equiv.Perm.mul_apply]

Note: This linter can be disabled with `set_option linter.unusedSimpArgs false`
/tmp/nla-lean-is02-project/eigenvalues-and-inverse-problems/IS-02/lean/NLA/IS02/Proof.lean:1308:24: warning: Used `tac1 <;> tac2` where `(tac1; tac2)` would suffice

Note: This linter can be disabled with `set_option linter.unnecessarySeqFocus false`
/tmp/nla-lean-is02-project/eigenvalues-and-inverse-problems/IS-02/lean/NLA/IS02/Proof.lean:1322:58: warning: This simp argument is unused:
  Matrix.cons_val_one

Hint: Omit it from the simp argument list.
  [apply] simp [counterexample, flatMatrix, Matrix.cons_val_zero, Matrix.cons_val_two, Matrix.cons_val_three] at e0 e2

Note: This linter can be disabled with `set_option linter.unusedSimpArgs false`
/tmp/nla-lean-is02-project/eigenvalues-and-inverse-problems/IS-02/lean/NLA/IS02/Proof.lean:1322:100: warning: This simp argument is unused:
  Matrix.cons_val_three

Hint: Omit it from the simp argument list.
  [apply] simp [counterexample, flatMatrix, Matrix.cons_val_zero, Matrix.cons_val_one, Matrix.cons_val_two] at e0 e2

Note: This linter can be disabled with `set_option linter.unusedSimpArgs false`
/tmp/nla-lean-is02-project/eigenvalues-and-inverse-problems/IS-02/lean/NLA/IS02/Proof.lean:1345:58: warning: This simp argument is unused:
  Matrix.cons_val_one

Hint: Omit it from the simp argument list.
  [apply] simp [counterexample, flatMatrix, Matrix.cons_val_zero, Matrix.cons_val_two, Matrix.cons_val_three] at e02

Note: This linter can be disabled with `set_option linter.unusedSimpArgs false`
/tmp/nla-lean-is02-project/eigenvalues-and-inverse-problems/IS-02/lean/NLA/IS02/Proof.lean:1345:100: warning: This simp argument is unused:
  Matrix.cons_val_three

Hint: Omit it from the simp argument list.
  [apply] simp [counterexample, flatMatrix, Matrix.cons_val_zero, Matrix.cons_val_one, Matrix.cons_val_two] at e02

Note: This linter can be disabled with `set_option linter.unusedSimpArgs false`
