/private/tmp/nla-lean-is02-project/eigenvalues-and-inverse-problems/IS-02/lean/NLA/IS02/Proof.lean:68:2: warning: Unused tactic linter: `norm_num` does nothing

Note: This linter can be disabled with `set_option linter.unusedTactic false`
/private/tmp/nla-lean-is02-project/eigenvalues-and-inverse-problems/IS-02/lean/NLA/IS02/Proof.lean:318:10: warning: This simp argument is unused:
  Equiv.Perm.mul_apply

Hint: Omit it from the simp argument list.
  [apply] simp [Equiv.swap_apply_def]

Note: This linter can be disabled with `set_option linter.unusedSimpArgs false`
/private/tmp/nla-lean-is02-project/eigenvalues-and-inverse-problems/IS-02/lean/NLA/IS02/Proof.lean:318:32: warning: This simp argument is unused:
  Equiv.swap_apply_def

Hint: Omit it from the simp argument list.
  [apply] simp [Equiv.Perm.mul_apply]

Note: This linter can be disabled with `set_option linter.unusedSimpArgs false`
/private/tmp/nla-lean-is02-project/eigenvalues-and-inverse-problems/IS-02/lean/NLA/IS02/Proof.lean:320:10: warning: This simp argument is unused:
  Equiv.Perm.mul_apply

Hint: Omit it from the simp argument list.
  [apply] simp [Equiv.swap_apply_def]

Note: This linter can be disabled with `set_option linter.unusedSimpArgs false`
/private/tmp/nla-lean-is02-project/eigenvalues-and-inverse-problems/IS-02/lean/NLA/IS02/Proof.lean:320:32: warning: This simp argument is unused:
  Equiv.swap_apply_def

Hint: Omit it from the simp argument list.
  [apply] simp [Equiv.Perm.mul_apply]

Note: This linter can be disabled with `set_option linter.unusedSimpArgs false`
/private/tmp/nla-lean-is02-project/eigenvalues-and-inverse-problems/IS-02/lean/NLA/IS02/Proof.lean:322:10: warning: This simp argument is unused:
  Equiv.Perm.mul_apply

Hint: Omit it from the simp argument list.
  [apply] simp [Equiv.swap_apply_def]

Note: This linter can be disabled with `set_option linter.unusedSimpArgs false`
/private/tmp/nla-lean-is02-project/eigenvalues-and-inverse-problems/IS-02/lean/NLA/IS02/Proof.lean:322:32: warning: This simp argument is unused:
  Equiv.swap_apply_def

Hint: Omit it from the simp argument list.
  [apply] simp [Equiv.Perm.mul_apply]

Note: This linter can be disabled with `set_option linter.unusedSimpArgs false`
/private/tmp/nla-lean-is02-project/eigenvalues-and-inverse-problems/IS-02/lean/NLA/IS02/Proof.lean:324:10: warning: This simp argument is unused:
  Equiv.Perm.mul_apply

Hint: Omit it from the simp argument list.
  [apply] simp [Equiv.swap_apply_def]

Note: This linter can be disabled with `set_option linter.unusedSimpArgs false`
/private/tmp/nla-lean-is02-project/eigenvalues-and-inverse-problems/IS-02/lean/NLA/IS02/Proof.lean:324:32: warning: This simp argument is unused:
  Equiv.swap_apply_def

Hint: Omit it from the simp argument list.
  [apply] simp [Equiv.Perm.mul_apply]

Note: This linter can be disabled with `set_option linter.unusedSimpArgs false`
/private/tmp/nla-lean-is02-project/eigenvalues-and-inverse-problems/IS-02/lean/NLA/IS02/Proof.lean:396:10: warning: This simp argument is unused:
  Equiv.Perm.mul_apply

Hint: Omit it from the simp argument list.
  [apply] simp [Equiv.swap_apply_def]

Note: This linter can be disabled with `set_option linter.unusedSimpArgs false`
/private/tmp/nla-lean-is02-project/eigenvalues-and-inverse-problems/IS-02/lean/NLA/IS02/Proof.lean:398:10: warning: This simp argument is unused:
  Equiv.Perm.mul_apply

Hint: Omit it from the simp argument list.
  [apply] simp [Equiv.swap_apply_def]

Note: This linter can be disabled with `set_option linter.unusedSimpArgs false`
/private/tmp/nla-lean-is02-project/eigenvalues-and-inverse-problems/IS-02/lean/NLA/IS02/Proof.lean:398:32: warning: This simp argument is unused:
  Equiv.swap_apply_def

Hint: Omit it from the simp argument list.
  [apply] simp [Equiv.Perm.mul_apply]

Note: This linter can be disabled with `set_option linter.unusedSimpArgs false`
/private/tmp/nla-lean-is02-project/eigenvalues-and-inverse-problems/IS-02/lean/NLA/IS02/Proof.lean:400:10: warning: This simp argument is unused:
  Equiv.Perm.mul_apply

Hint: Omit it from the simp argument list.
  [apply] simp [Equiv.swap_apply_def]

Note: This linter can be disabled with `set_option linter.unusedSimpArgs false`
/private/tmp/nla-lean-is02-project/eigenvalues-and-inverse-problems/IS-02/lean/NLA/IS02/Proof.lean:400:32: warning: This simp argument is unused:
  Equiv.swap_apply_def

Hint: Omit it from the simp argument list.
  [apply] simp [Equiv.Perm.mul_apply]

Note: This linter can be disabled with `set_option linter.unusedSimpArgs false`
/private/tmp/nla-lean-is02-project/eigenvalues-and-inverse-problems/IS-02/lean/NLA/IS02/Proof.lean:402:10: warning: This simp argument is unused:
  Equiv.Perm.mul_apply

Hint: Omit it from the simp argument list.
  [apply] simp [Equiv.swap_apply_def]

Note: This linter can be disabled with `set_option linter.unusedSimpArgs false`
/private/tmp/nla-lean-is02-project/eigenvalues-and-inverse-problems/IS-02/lean/NLA/IS02/Proof.lean:478:32: warning: This simp argument is unused:
  Equiv.swap_apply_def

Hint: Omit it from the simp argument list.
  [apply] simp [Equiv.Perm.mul_apply]

Note: This linter can be disabled with `set_option linter.unusedSimpArgs false`
/private/tmp/nla-lean-is02-project/eigenvalues-and-inverse-problems/IS-02/lean/NLA/IS02/Proof.lean:552:32: warning: This simp argument is unused:
  Equiv.swap_apply_def

Hint: Omit it from the simp argument list.
  [apply] simp [Equiv.Perm.mul_apply]

Note: This linter can be disabled with `set_option linter.unusedSimpArgs false`
/private/tmp/nla-lean-is02-project/eigenvalues-and-inverse-problems/IS-02/lean/NLA/IS02/Proof.lean:1291:24: warning: Used `tac1 <;> tac2` where `(tac1; tac2)` would suffice

Note: This linter can be disabled with `set_option linter.unnecessarySeqFocus false`
/private/tmp/nla-lean-is02-project/eigenvalues-and-inverse-problems/IS-02/lean/NLA/IS02/Proof.lean:1305:58: warning: This simp argument is unused:
  Matrix.cons_val_one

Hint: Omit it from the simp argument list.
  [apply] simp [counterexample, flatMatrix, Matrix.cons_val_zero, Matrix.cons_val_two, Matrix.cons_val_three] at e0 e2

Note: This linter can be disabled with `set_option linter.unusedSimpArgs false`
/private/tmp/nla-lean-is02-project/eigenvalues-and-inverse-problems/IS-02/lean/NLA/IS02/Proof.lean:1305:100: warning: This simp argument is unused:
  Matrix.cons_val_three

Hint: Omit it from the simp argument list.
  [apply] simp [counterexample, flatMatrix, Matrix.cons_val_zero, Matrix.cons_val_one, Matrix.cons_val_two] at e0 e2

Note: This linter can be disabled with `set_option linter.unusedSimpArgs false`
/private/tmp/nla-lean-is02-project/eigenvalues-and-inverse-problems/IS-02/lean/NLA/IS02/Proof.lean:1328:58: warning: This simp argument is unused:
  Matrix.cons_val_one

Hint: Omit it from the simp argument list.
  [apply] simp [counterexample, flatMatrix, Matrix.cons_val_zero, Matrix.cons_val_two, Matrix.cons_val_three] at e02

Note: This linter can be disabled with `set_option linter.unusedSimpArgs false`
/private/tmp/nla-lean-is02-project/eigenvalues-and-inverse-problems/IS-02/lean/NLA/IS02/Proof.lean:1328:100: warning: This simp argument is unused:
  Matrix.cons_val_three

Hint: Omit it from the simp argument list.
  [apply] simp [counterexample, flatMatrix, Matrix.cons_val_zero, Matrix.cons_val_one, Matrix.cons_val_two] at e02

Note: This linter can be disabled with `set_option linter.unusedSimpArgs false`
'NLA.IS02.counterexample_symmetric_nonnegative_stochastic' depends on axioms: [propext, Classical.choice, Quot.sound]
'NLA.IS02.counterexample_trace' depends on axioms: [propext, Classical.choice, Quot.sound]
'NLA.IS02.counterexample_positive_trace' depends on axioms: [propext, Classical.choice, Quot.sound]
'NLA.IS02.counterexample_spectrum' depends on axioms: [propext, Classical.choice, Quot.sound]
'NLA.IS02.sameSpectrum_iff_realEigenvalueMultiset_eq' depends on axioms: [propext, Classical.choice, Quot.sound]
'NLA.IS02.counterexample_spectral_uniqueness' depends on axioms: [propext, Classical.choice, Quot.sound]
'NLA.IS02.counterexample_outside_locus' depends on axioms: [propext, Classical.choice, Quot.sound]
'NLA.IS02.counterexample_claim' depends on axioms: [propext, Classical.choice, Quot.sound]
'NLA.IS02.not_targetNecessaryCondition' depends on axioms: [propext, Classical.choice, Quot.sound]
proof-stage direct Lean check: PASS
lean: Lean (version 4.33.1, arm64-apple-darwin24.6.0, commit 819816b2e0a3bf405af45ae5c7af2491d8f5bee6, Release)
output prefix: /var/folders/pw/wkdn0vxs0b54swhpwjg6s0x00000gn/T/nla-is02-proof-typecheck.oyjB1w
solution exports: 9; #assert_trust kernel and #print axioms completed
