NLA/IE05/ExactCertificates.lean:34:4: error: failed to synthesize
  Decidable
    (Matrix.transpose
            ![![1, -5, -8, -12, -16, -16, 0, 64], ![-1, 13, -4, -6, -8, -8, 0, 32], ![-1, -3, 51, -3, -4, -4, 0, 16],
              ![-1, -3, -11, 169, -2, -2, 0, 8], ![-1, -3, -11, -43, 511, -1, 0, 4],
              ![-1, -3, -11, -43, -171, 1365, 0, 2], ![-1, -3, -11, -43, -171, -683, 1, 1],
              ![-1, -3, -11, -43, -171, -683, -1, 1]] *
          ![![1, -5, -8, -12, -16, -16, 0, 64], ![-1, 13, -4, -6, -8, -8, 0, 32], ![-1, -3, 51, -3, -4, -4, 0, 16],
            ![-1, -3, -11, 169, -2, -2, 0, 8], ![-1, -3, -11, -43, 511, -1, 0, 4],
            ![-1, -3, -11, -43, -171, 1365, 0, 2], ![-1, -3, -11, -43, -171, -683, 1, 1],
            ![-1, -3, -11, -43, -171, -683, -1, 1]] =
        Matrix.diagonal ![8, 248, 3286, 36146, 349184, 2796544, 2, 5462] ∧
      ![![1, -5, -8, -12, -16, -16, 0, 64], ![-1, 13, -4, -6, -8, -8, 0, 32], ![-1, -3, 51, -3, -4, -4, 0, 16],
            ![-1, -3, -11, 169, -2, -2, 0, 8], ![-1, -3, -11, -43, 511, -1, 0, 4],
            ![-1, -3, -11, -43, -171, 1365, 0, 2], ![-1, -3, -11, -43, -171, -683, 1, 1],
            ![-1, -3, -11, -43, -171, -683, -1, 1]] =
          integerLower false *
            ![![1, -5, -8, -12, -16, -16, 0, 64], ![0, 8, -12, -18, -24, -24, 0, 96],
              ![0, 0, 31, -33, -44, -44, 0, 176], ![0, 0, 0, 106, -86, -86, 0, 344], ![0, 0, 0, 0, 341, -171, 0, 684],
              ![0, 0, 0, 0, 0, 1024, 0, 1366], ![0, 0, 0, 0, 0, 0, 1, 2731], ![0, 0, 0, 0, 0, 0, 0, 5462]] ∧
        ((∀ (i : Fin 8),
              (if i = i then 1 else if i < i then if false = true ∧ i = 7 ∧ i = 1 then 0 else -1 else 0) = 1) ∧
            ∀ (i j : Fin 8),
              i < j → (if i = j then 1 else if j < i then if false = true ∧ i = 7 ∧ j = 1 then 0 else -1 else 0) = 0) ∧
          (∀ (i j : Fin 8),
              j < i →
                ![![1, -5, -8, -12, -16, -16, 0, 64], ![0, 8, -12, -18, -24, -24, 0, 96],
                      ![0, 0, 31, -33, -44, -44, 0, 176], ![0, 0, 0, 106, -86, -86, 0, 344],
                      ![0, 0, 0, 0, 341, -171, 0, 684], ![0, 0, 0, 0, 0, 1024, 0, 1366], ![0, 0, 0, 0, 0, 0, 1, 2731],
                      ![0, 0, 0, 0, 0, 0, 0, 5462]]
                    i j =
                  0) ∧
            (∀ (i j : Fin 8),
                j < i →
                  |if i = j then 1 else if j < i then if false = true ∧ i = 7 ∧ j = 1 then 0 else -1 else 0| ≤ 1) ∧
              (∀ (i : Fin 8),
                  0 <
                    ![![1, -5, -8, -12, -16, -16, 0, 64], ![0, 8, -12, -18, -24, -24, 0, 96],
                        ![0, 0, 31, -33, -44, -44, 0, 176], ![0, 0, 0, 106, -86, -86, 0, 344],
                        ![0, 0, 0, 0, 341, -171, 0, 684], ![0, 0, 0, 0, 0, 1024, 0, 1366], ![0, 0, 0, 0, 0, 0, 1, 2731],
                        ![0, 0, 0, 0, 0, 0, 0, 5462]]
                      i i) ∧
                ∀ (j : Fin 8), 0 < ![8, 248, 3286, 36146, 349184, 2796544, 2, 5462] j)

Hint: Additional diagnostic information may be available using the `set_option diagnostics true` command.
NLA/IE05/ExactCertificates.lean:34:4: error: failed to synthesize
  Decidable
    (Matrix.transpose
            ![![1, -1, -3, -21, -41, -101, -325, 63], ![-1, 3, 1, 17, 71, 291, 1179, 31],
              ![-1, -1, 13, -19, -56, -196, -752, 16], ![-1, -1, -3, 189, -28, -98, -376, 8],
              ![-1, -1, -3, -51, 581, -49, -188, 4], ![-1, -1, -3, -51, -213, 1507, -94, 2],
              ![-1, -1, -3, -51, -213, -873, 2589, 1], ![-1, 1, -5, -55, -183, -683, -2683, 1]] *
          ![![1, -1, -3, -21, -41, -101, -325, 63], ![-1, 3, 1, 17, 71, 291, 1179, 31],
            ![-1, -1, 13, -19, -56, -196, -752, 16], ![-1, -1, -3, 189, -28, -98, -376, 8],
            ![-1, -1, -3, -51, 581, -49, -188, 4], ![-1, -1, -3, -51, -213, 1507, -94, 2],
            ![-1, -1, -3, -51, -213, -873, 2589, 1], ![-1, 1, -5, -55, -183, -683, -2683, 1]] =
        Matrix.diagonal ![8, 16, 240, 47640, 472430, 3644970, 16148136, 5272] ∧
      ![![1, -1, -3, -21, -41, -101, -325, 63], ![-1, 3, 1, 17, 71, 291, 1179, 31],
            ![-1, -1, 13, -19, -56, -196, -752, 16], ![-1, -1, -3, 189, -28, -98, -376, 8],
            ![-1, -1, -3, -51, 581, -49, -188, 4], ![-1, -1, -3, -51, -213, 1507, -94, 2],
            ![-1, -1, -3, -51, -213, -873, 2589, 1], ![-1, 1, -5, -55, -183, -683, -2683, 1]] =
          integerLower true *
            ![![1, -1, -3, -21, -41, -101, -325, 63], ![0, 2, -2, -4, 30, 190, 854, 94],
              ![0, 0, 8, -44, -67, -107, -223, 173], ![0, 0, 0, 120, -106, -116, -70, 338],
              ![0, 0, 0, 0, 397, -183, 48, 672], ![0, 0, 0, 0, 0, 1190, 190, 1342], ![0, 0, 0, 0, 0, 0, 3063, 2683],
              ![0, 0, 0, 0, 0, 0, 0, 5272]] ∧
        ((∀ (i : Fin 8),
              (if i = i then 1 else if i < i then if true = true ∧ i = 7 ∧ i = 1 then 0 else -1 else 0) = 1) ∧
            ∀ (i j : Fin 8),
              i < j → (if i = j then 1 else if j < i then if true = true ∧ i = 7 ∧ j = 1 then 0 else -1 else 0) = 0) ∧
          (∀ (i j : Fin 8),
              j < i →
                ![![1, -1, -3, -21, -41, -101, -325, 63], ![0, 2, -2, -4, 30, 190, 854, 94],
                      ![0, 0, 8, -44, -67, -107, -223, 173], ![0, 0, 0, 120, -106, -116, -70, 338],
                      ![0, 0, 0, 0, 397, -183, 48, 672], ![0, 0, 0, 0, 0, 1190, 190, 1342],
                      ![0, 0, 0, 0, 0, 0, 3063, 2683], ![0, 0, 0, 0, 0, 0, 0, 5272]]
                    i j =
                  0) ∧
            (∀ (i j : Fin 8),
                j < i → |if i = j then 1 else if j < i then if true = true ∧ i = 7 ∧ j = 1 then 0 else -1 else 0| ≤ 1) ∧
              (∀ (i : Fin 8),
                  0 <
                    ![![1, -1, -3, -21, -41, -101, -325, 63], ![0, 2, -2, -4, 30, 190, 854, 94],
                        ![0, 0, 8, -44, -67, -107, -223, 173], ![0, 0, 0, 120, -106, -116, -70, 338],
                        ![0, 0, 0, 0, 397, -183, 48, 672], ![0, 0, 0, 0, 0, 1190, 190, 1342],
                        ![0, 0, 0, 0, 0, 0, 3063, 2683], ![0, 0, 0, 0, 0, 0, 0, 5272]]
                      i i) ∧
                ∀ (j : Fin 8), 0 < ![8, 16, 240, 47640, 472430, 3644970, 16148136, 5272] j)

Hint: Additional diagnostic information may be available using the `set_option diagnostics true` command.
'NLA.IE05._proved.integer_factor_certificates' depends on axioms: [propext, sorryAx, Classical.choice, Quot.sound]
NLA/IE05/ExactCertificates.lean:53:21: error: #assert_trust: 'NLA.IE05._proved.integer_factor_certificates' depends on sorry or unrecognized axioms
  foundational: propext, Classical.choice, Quot.sound
  sorryAx: sorryAx
'NLA.IE05._proved.integer_entry_certificates' depends on axioms: [propext, Classical.choice, Quot.sound]
'NLA.IE05._proved.numerical_gap_positive' depends on axioms: [propext, Classical.choice, Quot.sound]
