{
  "actual_linux_comparator": "pending",
  "all_preservation_member_checks": 16625,
  "candidate_members_only": true,
  "candidate_selected_files": 2404,
  "check_kind": "packaging-author read-only byte/inventory check; no Lean execution or independent approval",
  "current_regular_files": 2520,
  "exact_wrapper_archive_redirects": 36,
  "historical_inventories": {
    "DRAFT-INVENTORY.json": 102,
    "reviews/final-referee-1-evidence/EVIDENCE-MANIFEST.json": 2116,
    "reviews/final-referee-2-evidence/EVIDENCE-MANIFEST.json": 2010,
    "reviews/final-referee-2-evidence/attempt-gxrxb23r/frozen-before.json": 1800,
    "reviews/proof-freeze.json": 1800,
    "reviews/statement-freeze.json": 733,
    "reviews/statement-referee-1-evidence/input-snapshot/DRAFT-INVENTORY.json": 102,
    "reviews/statement-referee-1-evidence/input-snapshot/verification/original-source-inventory.json": 27,
    "reviews/statement-referee-1-evidence/inputs.json": 103,
    "reviews/statement-referee-1-evidence/inspector-inputs.json": 2,
    "reviews/statement-referee-1-evidence/outer-manifest.json": 123,
    "reviews/statement-referee-2-evidence/EVIDENCE-SEAL.json": 490,
    "reviews/statement-referee-2-evidence/api-source-binding.json": 7,
    "reviews/statement-referee-2-evidence/input-binding.json": 103,
    "reviews/statement-referee-2-evidence/inputs/DRAFT-INVENTORY.json": 102,
    "reviews/statement-referee-2-evidence/inputs/verification/original-source-inventory.json": 27,
    "verification/assembly-handoff/EVIDENCE-MANIFEST.json": 21,
    "verification/certificates-qr-handoff/EVIDENCE-MANIFEST.json": 1353,
    "verification/certificates-qr-handoff/INPUTS.json": 1210,
    "verification/exactcert-diagnostic-referee/EVIDENCE-MANIFEST.json": 54,
    "verification/final-review-root-acceptance/EVIDENCE-MANIFEST.json": 10,
    "verification/gepp-development/EVIDENCE-MANIFEST.json": 150,
    "verification/lu-development/EVIDENCE-MANIFEST.json": 68,
    "verification/original-source-inventory.json": 27,
    "verification/qr-scaling-handoff/EVIDENCE-MANIFEST.json": 847,
    "verification/statement-acceptance/EVIDENCE-MANIFEST.json": 13,
    "verification/statement-gate-preflight/EVIDENCE-SEAL.json": 14,
    "verification/statement-gate-preflight/proposed-input-binding.json": 718,
    "verification/witness-development/EVIDENCE-MANIFEST.json": 148
  },
  "historical_inventory_count": 29,
  "historical_inventory_member_checks": 14280,
  "original_accepted_files": 2338,
  "original_source_git_blob_identities": 27,
  "preseal": false,
  "result": "PASS"
}
