NLA.IS02.counterexample_symmetric_nonnegative_stochastic :
  @Membership.mem.{0, 0} (NLA.IS02.Mat (@OfNat.ofNat.{0} Nat (nat_lit 4) (instOfNatNat (nat_lit 4))))
    (Set.{0} (NLA.IS02.Mat (@OfNat.ofNat.{0} Nat (nat_lit 4) (instOfNatNat (nat_lit 4)))))
    (@Set.instMembership.{0} (NLA.IS02.Mat (@OfNat.ofNat.{0} Nat (nat_lit 4) (instOfNatNat (nat_lit 4)))))
    (NLA.IS02.symmetricStochastic (@OfNat.ofNat.{0} Nat (nat_lit 4) (instOfNatNat (nat_lit 4)))) NLA.IS02.counterexample
'NLA.IS02.counterexample_symmetric_nonnegative_stochastic' depends on axioms: [propext,
 Classical.choice.{u},
 Quot.sound.{u}]
NLA.IS02.counterexample_trace :
  @Eq.{1} Real (@NLA.IS02.trace (@OfNat.ofNat.{0} Nat (nat_lit 4) (instOfNatNat (nat_lit 4))) NLA.IS02.counterexample)
    (@OfNat.ofNat.{0} Real (nat_lit 1) (@One.toOfNat1.{0} Real Real.instOne))
'NLA.IS02.counterexample_trace' depends on axioms: [propext, Classical.choice.{u}, Quot.sound.{u}]
NLA.IS02.counterexample_positive_trace :
  @LT.lt.{0} Real Real.instLT (@OfNat.ofNat.{0} Real (nat_lit 0) (@Zero.toOfNat0.{0} Real Real.instZero))
    (@NLA.IS02.trace (@OfNat.ofNat.{0} Nat (nat_lit 4) (instOfNatNat (nat_lit 4))) NLA.IS02.counterexample)
'NLA.IS02.counterexample_positive_trace' depends on axioms: [propext, Classical.choice.{u}, Quot.sound.{u}]
NLA.IS02.counterexample_spectrum :
  @NLA.IS02.sameSpectrum (@OfNat.ofNat.{0} Nat (nat_lit 4) (instOfNatNat (nat_lit 4))) NLA.IS02.counterexample
    (@DFunLike.coe.{1, 1, 1}
      (Equiv.{1, 1}
        (Fin (@OfNat.ofNat.{0} Nat (nat_lit 4) (instOfNatNat (nat_lit 4))) →
          Fin (@OfNat.ofNat.{0} Nat (nat_lit 4) (instOfNatNat (nat_lit 4))) → Real)
        (Matrix.{0, 0, 0} (Fin (@OfNat.ofNat.{0} Nat (nat_lit 4) (instOfNatNat (nat_lit 4))))
          (Fin (@OfNat.ofNat.{0} Nat (nat_lit 4) (instOfNatNat (nat_lit 4)))) Real))
      (Fin (@OfNat.ofNat.{0} Nat (nat_lit 4) (instOfNatNat (nat_lit 4))) →
        Fin (@OfNat.ofNat.{0} Nat (nat_lit 4) (instOfNatNat (nat_lit 4))) → Real)
      (fun x =>
        Matrix.{0, 0, 0} (Fin (@OfNat.ofNat.{0} Nat (nat_lit 4) (instOfNatNat (nat_lit 4))))
          (Fin (@OfNat.ofNat.{0} Nat (nat_lit 4) (instOfNatNat (nat_lit 4)))) Real)
      (@EquivLike.toFunLike.{1, 1, 1}
        (Equiv.{1, 1}
          (Fin (@OfNat.ofNat.{0} Nat (nat_lit 4) (instOfNatNat (nat_lit 4))) →
            Fin (@OfNat.ofNat.{0} Nat (nat_lit 4) (instOfNatNat (nat_lit 4))) → Real)
          (Matrix.{0, 0, 0} (Fin (@OfNat.ofNat.{0} Nat (nat_lit 4) (instOfNatNat (nat_lit 4))))
            (Fin (@OfNat.ofNat.{0} Nat (nat_lit 4) (instOfNatNat (nat_lit 4)))) Real))
        (Fin (@OfNat.ofNat.{0} Nat (nat_lit 4) (instOfNatNat (nat_lit 4))) →
          Fin (@OfNat.ofNat.{0} Nat (nat_lit 4) (instOfNatNat (nat_lit 4))) → Real)
        (Matrix.{0, 0, 0} (Fin (@OfNat.ofNat.{0} Nat (nat_lit 4) (instOfNatNat (nat_lit 4))))
          (Fin (@OfNat.ofNat.{0} Nat (nat_lit 4) (instOfNatNat (nat_lit 4)))) Real)
        (@Equiv.instEquivLike.{1, 1}
          (Fin (@OfNat.ofNat.{0} Nat (nat_lit 4) (instOfNatNat (nat_lit 4))) →
            Fin (@OfNat.ofNat.{0} Nat (nat_lit 4) (instOfNatNat (nat_lit 4))) → Real)
          (Matrix.{0, 0, 0} (Fin (@OfNat.ofNat.{0} Nat (nat_lit 4) (instOfNatNat (nat_lit 4))))
            (Fin (@OfNat.ofNat.{0} Nat (nat_lit 4) (instOfNatNat (nat_lit 4)))) Real)))
      (@Matrix.of.{0, 0, 0} (Fin (@OfNat.ofNat.{0} Nat (nat_lit 4) (instOfNatNat (nat_lit 4))))
        (Fin (@OfNat.ofNat.{0} Nat (nat_lit 4) (instOfNatNat (nat_lit 4)))) Real)
      (@Matrix.vecCons.{0} (Fin (@OfNat.ofNat.{0} Nat (nat_lit 4) (instOfNatNat (nat_lit 4))) → Real)
        (@OfNat.ofNat.{0} Nat (nat_lit 3) (instOfNatNat (nat_lit 3)))
        (@Matrix.vecCons.{0} Real (@OfNat.ofNat.{0} Nat (nat_lit 3) (instOfNatNat (nat_lit 3)))
          (@OfNat.ofNat.{0} Real (nat_lit 1) (@One.toOfNat1.{0} Real Real.instOne))
          (@Matrix.vecCons.{0} Real (@OfNat.ofNat.{0} Nat (nat_lit 2) (instOfNatNat (nat_lit 2)))
            (@OfNat.ofNat.{0} Real (nat_lit 0) (@Zero.toOfNat0.{0} Real Real.instZero))
            (@Matrix.vecCons.{0} Real (@OfNat.ofNat.{0} Nat (nat_lit 1) (instOfNatNat (nat_lit 1)))
              (@OfNat.ofNat.{0} Real (nat_lit 0) (@Zero.toOfNat0.{0} Real Real.instZero))
              (@Matrix.vecCons.{0} Real (@OfNat.ofNat.{0} Nat (nat_lit 0) (instOfNatNat (nat_lit 0)))
                (@OfNat.ofNat.{0} Real (nat_lit 0) (@Zero.toOfNat0.{0} Real Real.instZero))
                (@Matrix.vecEmpty.{0} Real)))))
        (@Matrix.vecCons.{0} (Fin (@OfNat.ofNat.{0} Nat (nat_lit 4) (instOfNatNat (nat_lit 4))) → Real)
          (@OfNat.ofNat.{0} Nat (nat_lit 2) (instOfNatNat (nat_lit 2)))
          (@Matrix.vecCons.{0} Real (@OfNat.ofNat.{0} Nat (nat_lit 3) (instOfNatNat (nat_lit 3)))
            (@OfNat.ofNat.{0} Real (nat_lit 0) (@Zero.toOfNat0.{0} Real Real.instZero))
            (@Matrix.vecCons.{0} Real (@OfNat.ofNat.{0} Nat (nat_lit 2) (instOfNatNat (nat_lit 2)))
              (@OfNat.ofNat.{0} Real (nat_lit 1) (@One.toOfNat1.{0} Real Real.instOne))
              (@Matrix.vecCons.{0} Real (@OfNat.ofNat.{0} Nat (nat_lit 1) (instOfNatNat (nat_lit 1)))
                (@OfNat.ofNat.{0} Real (nat_lit 0) (@Zero.toOfNat0.{0} Real Real.instZero))
                (@Matrix.vecCons.{0} Real (@OfNat.ofNat.{0} Nat (nat_lit 0) (instOfNatNat (nat_lit 0)))
                  (@OfNat.ofNat.{0} Real (nat_lit 0) (@Zero.toOfNat0.{0} Real Real.instZero))
                  (@Matrix.vecEmpty.{0} Real)))))
          (@Matrix.vecCons.{0} (Fin (@OfNat.ofNat.{0} Nat (nat_lit 4) (instOfNatNat (nat_lit 4))) → Real)
            (@OfNat.ofNat.{0} Nat (nat_lit 1) (instOfNatNat (nat_lit 1)))
            (@Matrix.vecCons.{0} Real (@OfNat.ofNat.{0} Nat (nat_lit 3) (instOfNatNat (nat_lit 3)))
              (@OfNat.ofNat.{0} Real (nat_lit 0) (@Zero.toOfNat0.{0} Real Real.instZero))
              (@Matrix.vecCons.{0} Real (@OfNat.ofNat.{0} Nat (nat_lit 2) (instOfNatNat (nat_lit 2)))
                (@OfNat.ofNat.{0} Real (nat_lit 0) (@Zero.toOfNat0.{0} Real Real.instZero))
                (@Matrix.vecCons.{0} Real (@OfNat.ofNat.{0} Nat (nat_lit 1) (instOfNatNat (nat_lit 1)))
                  (@OfNat.ofNat.{0} Real (nat_lit 0) (@Zero.toOfNat0.{0} Real Real.instZero))
                  (@Matrix.vecCons.{0} Real (@OfNat.ofNat.{0} Nat (nat_lit 0) (instOfNatNat (nat_lit 0)))
                    (@OfNat.ofNat.{0} Real (nat_lit 0) (@Zero.toOfNat0.{0} Real Real.instZero))
                    (@Matrix.vecEmpty.{0} Real)))))
            (@Matrix.vecCons.{0} (Fin (@OfNat.ofNat.{0} Nat (nat_lit 4) (instOfNatNat (nat_lit 4))) → Real)
              (@OfNat.ofNat.{0} Nat (nat_lit 0) (instOfNatNat (nat_lit 0)))
              (@Matrix.vecCons.{0} Real (@OfNat.ofNat.{0} Nat (nat_lit 3) (instOfNatNat (nat_lit 3)))
                (@OfNat.ofNat.{0} Real (nat_lit 0) (@Zero.toOfNat0.{0} Real Real.instZero))
                (@Matrix.vecCons.{0} Real (@OfNat.ofNat.{0} Nat (nat_lit 2) (instOfNatNat (nat_lit 2)))
                  (@OfNat.ofNat.{0} Real (nat_lit 0) (@Zero.toOfNat0.{0} Real Real.instZero))
                  (@Matrix.vecCons.{0} Real (@OfNat.ofNat.{0} Nat (nat_lit 1) (instOfNatNat (nat_lit 1)))
                    (@OfNat.ofNat.{0} Real (nat_lit 0) (@Zero.toOfNat0.{0} Real Real.instZero))
                    (@Matrix.vecCons.{0} Real (@OfNat.ofNat.{0} Nat (nat_lit 0) (instOfNatNat (nat_lit 0)))
                      (@Neg.neg.{0} Real Real.instNeg
                        (@OfNat.ofNat.{0} Real (nat_lit 1) (@One.toOfNat1.{0} Real Real.instOne)))
                      (@Matrix.vecEmpty.{0} Real)))))
              (@Matrix.vecEmpty.{0} (Fin (@OfNat.ofNat.{0} Nat (nat_lit 4) (instOfNatNat (nat_lit 4))) → Real)))))))
'NLA.IS02.counterexample_spectrum' depends on axioms: [propext, Classical.choice.{u}, Quot.sound.{u}]
NLA.IS02.sameSpectrum_iff_realEigenvalueMultiset_eq {n : Nat} {A B : NLA.IS02.Mat n} (hA : @NLA.IS02.symmetric n A)
  (hB : @NLA.IS02.symmetric n B) :
  Iff (@NLA.IS02.sameSpectrum n A B)
    (@Eq.{1} (Multiset.{0} Real) (@NLA.IS02.realEigenvalueMultiset n A) (@NLA.IS02.realEigenvalueMultiset n B))
'NLA.IS02.sameSpectrum_iff_realEigenvalueMultiset_eq' depends on axioms: [propext, Classical.choice.{u}, Quot.sound.{u}]
NLA.IS02.counterexample_spectral_uniqueness :
  @NLA.IS02.spectrallyUnique (@OfNat.ofNat.{0} Nat (nat_lit 4) (instOfNatNat (nat_lit 4))) NLA.IS02.counterexample
'NLA.IS02.counterexample_spectral_uniqueness' depends on axioms: [propext, Classical.choice.{u}, Quot.sound.{u}]
NLA.IS02.counterexample_outside_locus :
  NLA.IS02.counterexample ∉ NLA.IS02.assertedLocus (@OfNat.ofNat.{0} Nat (nat_lit 4) (instOfNatNat (nat_lit 4)))
'NLA.IS02.counterexample_outside_locus' depends on axioms: [propext, Classical.choice.{u}, Quot.sound.{u}]
NLA.IS02.counterexample_claim : NLA.IS02.counterexampleClaim
'NLA.IS02.counterexample_claim' depends on axioms: [propext, Classical.choice.{u}, Quot.sound.{u}]
NLA.IS02.not_targetNecessaryCondition : Not NLA.IS02.targetNecessaryCondition
'NLA.IS02.not_targetNecessaryCondition' depends on axioms: [propext, Classical.choice.{u}, Quot.sound.{u}]
