P=5 p=1 q=1: grid size 36
control (i): full grid supports T: True (grid spans: True )
control (ii): (2,2)-curve through the explicit decomposition supports T: True (10 points)
bidegree (1,1): 156 forms, 156 distinct zero sets, forms whose zero set supports T: 0
bidegree (1,1): 156 forms, 156 distinct zero sets, forms whose zero set supports T: 0
Lemma 3 over F_P: CONFIRMED (no curve supports T)

P=5 p=2 q=1: grid size 36
control (i): full grid supports T: True (grid spans: True )
bidegree (1,1): 156 forms, 156 distinct zero sets, forms whose zero set supports T: 0
bidegree (2,1): 3906 forms, 3852 distinct zero sets, forms whose zero set supports T: 0
Lemma 3 over F_P: CONFIRMED (no curve supports T)

P=5 p=1 q=2: grid size 36
control (i): full grid supports T: True (grid spans: True )
bidegree (1,2): 3906 forms, 3852 distinct zero sets, forms whose zero set supports T: 0
bidegree (1,1): 156 forms, 156 distinct zero sets, forms whose zero set supports T: 0
Lemma 3 over F_P: CONFIRMED (no curve supports T)

P=5 p=2 q=2: grid size 36
control (i): full grid supports T: True (grid spans: True )
bidegree (1,2): 3906 forms, 3852 distinct zero sets, forms whose zero set supports T: 0
bidegree (2,1): 3906 forms, 3852 distinct zero sets, forms whose zero set supports T: 0
Lemma 3 over F_P: CONFIRMED (no curve supports T)

P=5 p=3 q=1: grid size 36
control (i): full grid supports T: True (grid spans: True )
bidegree (1,1): 156 forms, 156 distinct zero sets, forms whose zero set supports T: 0
bidegree (3,1): 97656 forms, 57792 distinct zero sets, forms whose zero set supports T: 0
Lemma 3 over F_P: CONFIRMED (no curve supports T)

P=5 p=3 q=2: grid size 36
control (i): full grid supports T: True (grid spans: True )
bidegree (1,2): 3906 forms, 3852 distinct zero sets, forms whose zero set supports T: 0
bidegree (3,1): 97656 forms, 57792 distinct zero sets, forms whose zero set supports T: 0
Lemma 3 over F_P: CONFIRMED (no curve supports T)

P=5 p=2 q=3: grid size 36
control (i): full grid supports T: True (grid spans: True )
bidegree (1,3): 97656 forms, 57792 distinct zero sets, forms whose zero set supports T: 0
bidegree (2,1): 3906 forms, 3852 distinct zero sets, forms whose zero set supports T: 0
Lemma 3 over F_P: CONFIRMED (no curve supports T)

P=5 p=3 q=3: grid size 36
control (i): full grid supports T: True (grid spans: True )
bidegree (1,3): 97656 forms, 57792 distinct zero sets, forms whose zero set supports T: 0
bidegree (3,1): 97656 forms, 57792 distinct zero sets, forms whose zero set supports T: 0
Lemma 3 over F_P: CONFIRMED (no curve supports T)

P=7 p=2 q=2: grid size 64
control (i): full grid supports T: True (grid spans: True )
bidegree (1,2): 19608 forms, 19448 distinct zero sets, forms whose zero set supports T: 0
bidegree (2,1): 19608 forms, 19448 distinct zero sets, forms whose zero set supports T: 0
Lemma 3 over F_P: CONFIRMED (no curve supports T)

P=7 p=4 q=2: grid size 64
control (i): full grid supports T: True (grid spans: True )
bidegree (1,2): 19608 forms, 19448 distinct zero sets, forms whose zero set supports T: 0
Lemma 3 over F_P: CONFIRMED (no curve supports T)

P=7 p=5 q=2: grid size 64
control (i): full grid supports T: True (grid spans: True )
bidegree (1,2): 19608 forms, 19448 distinct zero sets, forms whose zero set supports T: 0
Lemma 3 over F_P: CONFIRMED (no curve supports T)

P=13 p=5 q=2: grid size 196
control (i): full grid supports T: True (grid spans: True )
bidegree (1,2): 402234 forms, 401156 distinct zero sets, forms whose zero set supports T: 0
Lemma 3 over F_P: CONFIRMED (no curve supports T)

P=17 p=1 q=1: grid size 324
control (i): full grid supports T: True (grid spans: True )
control (ii): (2,2)-curve through the explicit decomposition supports T: True (34 points)
bidegree (1,1): 5220 forms, 5220 distinct zero sets, forms whose zero set supports T: 0
bidegree (1,1): 5220 forms, 5220 distinct zero sets, forms whose zero set supports T: 0
Lemma 3 over F_P: CONFIRMED (no curve supports T)
