
@[expose] public section


open Finset Submodule Module

variable (𝕜 : Type*) {E : Type*} [RCLike 𝕜] [NormedAddCommGroup E] [InnerProductSpace 𝕜 E]
variable {ι : Type*} [LinearOrder ι] [LocallyFiniteOrderBot ι]

attribute [local instance] IsWellOrder.toHasWellFounded

local notation "⟪" x ", " y "⟫" => inner 𝕜 x y

namespace InnerProductSpace

/-- The Gram-Schmidt process takes a set of vectors as input
and outputs a set of orthogonal vectors which have the same span. -/
noncomputable def gramSchmidt [WellFoundedLT ι] (f : ι → E) (n : ι) : E :=
  f n - ∑ i : Iio n, (𝕜 ∙ gramSchmidt f i).starProjection (f n)
termination_by n
decreasing_by exact mem_Iio.1 i.2

variable [WellFoundedLT ι]

/-- This lemma uses `∑ i in` instead of `∑ i :`. -/
theorem gramSchmidt_def (f : ι → E) (n : ι) :
    gramSchmidt 𝕜 f n = f n - ∑ i ∈ Iio n, (𝕜 ∙ gramSchmidt 𝕜 f i).starProjection (f n) := by
  rw [← sum_attach, attach_eq_univ, gramSchmidt]

theorem gramSchmidt_def' (f : ι → E) (n : ι) :
    f n = gramSchmidt 𝕜 f n + ∑ i ∈ Iio n, (𝕜 ∙ gramSchmidt 𝕜 f i).starProjection (f n) := by
  rw [gramSchmidt_def, sub_add_cancel]

theorem gramSchmidt_def'' (f : ι → E) (n : ι) :
    f n = gramSchmidt 𝕜 f n + ∑ i ∈ Iio n,
      (⟪gramSchmidt 𝕜 f i, f n⟫ / (‖gramSchmidt 𝕜 f i‖ : 𝕜) ^ 2) • gramSchmidt 𝕜 f i := by
  simp only [← map_pow, ← starProjection_singleton, ← gramSchmidt_def' 𝕜 f n]

@[simp]
theorem gramSchmidt_bot {ι : Type*} [LinearOrder ι] [LocallyFiniteOrder ι] [OrderBot ι]
    [WellFoundedLT ι] (f : ι → E) : gramSchmidt 𝕜 f ⊥ = f ⊥ := by
  rw [gramSchmidt_def, Iio_eq_Ico, Finset.Ico_self, Finset.sum_empty, sub_zero]

@[simp]
