import Mathlib.Analysis.InnerProductSpace.GramSchmidtOrtho
import Mathlib.Analysis.InnerProductSpace.PiL2
import Mathlib.LinearAlgebra.Matrix.Determinant.Basic
import Mathlib.LinearAlgebra.Matrix.Notation
import Mathlib.Analysis.Real.Sqrt
import Mathlib.Order.ConditionallyCompleteLattice.Basic

/-!
# IE-05: exact definitions for statement review

George Stepaniants, Department of Computing and Mathematical Sciences,
California Institute of Technology, Pasadena, California, USA.

The original extremizer conjecture is attributed to John Peca-Medlin; the
order-eight counterexample is Stepaniants's AI-assisted 2026 manuscript.
This module contains definitions, not a proof of that counterexample.
-/

noncomputable section
open scoped BigOperators NNReal

namespace NLA.IE05

abbrev Mat (n : ℕ) := Matrix (Fin n) (Fin n) ℝ
abbrev IntMat (n : ℕ) := Matrix (Fin n) (Fin n) ℤ
abbrev PivotPath (n : ℕ) := Fin n → Fin n

/-- Actual real column orthogonality, with no spectral or pivot assumptions. -/
def Orthogonal {n : ℕ} (A : Mat n) : Prop := A.transpose * A = 1

def UpperTriangular {n : ℕ} {R : Type*} [Zero R]
    (A : Matrix (Fin n) (Fin n) R) : Prop := ∀ i j, j < i → A i j = 0

def UnitLower {n : ℕ} {R : Type*} [Zero R] [One R]
    (A : Matrix (Fin n) (Fin n) R) : Prop :=
  (∀ i, A i i = 1) ∧ ∀ i j, i < j → A i j = 0

def prescribedLower (n : ℕ) : Mat n :=
  fun i j => if i = j then 1 else if j < i then -1 else 0

/-- These are L2 Euclidean columns, not the coordinatewise supremum norm. -/
def euclideanColumns {n : ℕ} (A : Mat n) : Fin n → EuclideanSpace ℝ (Fin n) :=
  fun j => WithLp.toLp 2 (fun i => A i j)

/-- Mathlib's normalized Gram--Schmidt, in the usual increasing `Fin n` order. -/
def normalizedQRQ {n : ℕ} (A : Mat n) : Mat n :=
  fun i j => InnerProductSpace.gramSchmidtNormed ℝ (euclideanColumns A) j i

def candidateQ (n : ℕ) : Mat n := normalizedQRQ (prescribedLower n)
def candidateR (n : ℕ) : Mat n := (candidateQ n).transpose * prescribedLower n

def PositiveQR {n : ℕ} (A Q R : Mat n) : Prop :=
  Orthogonal Q ∧ A = Q * R ∧ UpperTriangular R ∧ ∀ i, 0 < R i i

/-- Swap the current row positions; no column exchange occurs in partial pivoting. -/
def rowSwap {n : ℕ} (S : Mat n) (k p : Fin n) : Mat n :=
  fun i j => S (Equiv.swap k p i) j

/-- The actual Schur update, padded by zero outside the new active trailing block.
Division is total in Lean; `AdmissiblePivot` separately requires a nonzero pivot. -/
def schurStep {n : ℕ} (S : Mat n) (k p : Fin n) : Mat n :=
  let B := rowSwap S k p
  fun i j => if k < i ∧ k < j then
    B i j - (B i k / B k k) * B k j else 0

/-- Stage zero is the input; stages `0,...,n-1` are the active Schur complements. -/
def trajectory {n : ℕ} (A : Mat n) (path : PivotPath n) : ℕ → Mat n
  | 0 => A
  | k + 1 => if h : k < n then
      schurStep (trajectory A path k) ⟨k, h⟩ (path ⟨k, h⟩) else 0

def AdmissiblePivot {n : ℕ} (S : Mat n) (k p : Fin n) : Prop :=
  k ≤ p ∧ S p k ≠ 0 ∧ ∀ i, k ≤ i → |S i k| ≤ |S p k|

def FirstAvailablePivot {n : ℕ} (S : Mat n) (k p : Fin n) : Prop :=
  AdmissiblePivot S k p ∧
    ∀ i, k ≤ i → |S i k| = |S p k| → p ≤ i

def AdmissiblePath {n : ℕ} (A : Mat n) (path : PivotPath n) : Prop :=
  ∀ k, AdmissiblePivot (trajectory A path k.val) k (path k)

def FirstAvailablePath {n : ℕ} (A : Mat n) (path : PivotPath n) : Prop :=
  ∀ k, FirstAvailablePivot (trajectory A path k.val) k (path k)

/-- A deterministic ascending-row scan. Equal magnitudes never replace the current row. -/
def firstPivotIndex {n : ℕ} (S : Mat n) (k : Fin n) : Fin n :=
  (List.finRange n).foldl
    (fun p i => if k ≤ i ∧ |S p k| < |S i k| then i else p) k

def firstTrajectory {n : ℕ} (A : Mat n) : ℕ → Mat n
  | 0 => A
  | k + 1 => if h : k < n then
      schurStep (firstTrajectory A k) ⟨k, h⟩
        (firstPivotIndex (firstTrajectory A k) ⟨k, h⟩) else 0

def firstPath {n : ℕ} (A : Mat n) : PivotPath n :=
  fun k => firstPivotIndex (firstTrajectory A k.val) k

def noSwapPath (n : ℕ) : PivotPath n := fun k => k

/-- Finite maximum of absolute real entries, implemented as a supremum in `ℝ≥0`. -/
def entryMaxNN {n : ℕ} (A : Mat n) : ℝ≥0 :=
  Finset.univ.sup (fun ij : Fin n × Fin n => ‖A ij.1 ij.2‖₊)

def entryMax {n : ℕ} (A : Mat n) : ℝ := entryMaxNN A

def activeMaxNN {n : ℕ} (S : Mat n) (k : ℕ) : ℝ≥0 :=
  Finset.univ.sup (fun ij : Fin n × Fin n =>
    if k ≤ ij.1.val ∧ k ≤ ij.2.val then ‖S ij.1 ij.2‖₊ else 0)

def activeMax {n : ℕ} (S : Mat n) (k : ℕ) : ℝ := activeMaxNN S k

/-- All and only the `n` active stages enter the growth numerator. -/
def growth {n : ℕ} (A : Mat n) (path : PivotPath n) : ℝ :=
  ((Finset.univ.sup (fun k : Fin n =>
    activeMaxNN (trajectory A path k.val) k.val) : ℝ≥0) : ℝ) / entryMax A

def firstGrowth {n : ℕ} (A : Mat n) : ℝ := growth A (firstPath A)

/-- Every orthogonal input and every admissible partial-pivoting path is included. -/
def orthogonalGrowthSet (n : ℕ) : Set ℝ :=
  {r | ∃ A : Mat n, Orthogonal A ∧
    ∃ path : PivotPath n, AdmissiblePath A path ∧ r = growth A path}

/-- The actual conditionally complete real supremum. No boundedness is assumed here. -/
def orthogonalGrowthSup (n : ℕ) : ℝ := sSup (orthogonalGrowthSet n)

def OrthogonalExtremizerConjecture : Prop :=
  ∀ n : ℕ, 2 ≤ n → orthogonalGrowthSup n = firstGrowth (candidateQ n)

def scaledColumns {n : ℕ} (A : Mat n) (d : Fin n → ℝ) : Mat n :=
  fun i j => A i j / Real.sqrt (d j)

/-- The product of the two trailing factors, still padded by zero. -/
def tailProduct {n : ℕ} {R : Type*} [Semiring R]
    (L T : Matrix (Fin n) (Fin n) R) (k : ℕ) : Matrix (Fin n) (Fin n) R :=
  fun i j => if k ≤ i.val ∧ k ≤ j.val then
    ∑ r : Fin n, if k ≤ r.val then L i r * T r j else 0 else 0

def integerLower (b : Bool) : IntMat 8 :=
  fun i j => if i = j then 1 else if j < i then
    if b = true ∧ i = 7 ∧ j = 1 then 0 else -1 else 0

/-- `false` is the prescribed candidate; `true` changes one-based entry (8,2). -/
def integerH : Bool → IntMat 8
  | false => ![
      ![1,-5,-8,-12,-16,-16,0,64], ![-1,13,-4,-6,-8,-8,0,32],
      ![-1,-3,51,-3,-4,-4,0,16], ![-1,-3,-11,169,-2,-2,0,8],
      ![-1,-3,-11,-43,511,-1,0,4], ![-1,-3,-11,-43,-171,1365,0,2],
      ![-1,-3,-11,-43,-171,-683,1,1], ![-1,-3,-11,-43,-171,-683,-1,1]]
  | true => ![
      ![1,-1,-3,-21,-41,-101,-325,63], ![-1,3,1,17,71,291,1179,31],
      ![-1,-1,13,-19,-56,-196,-752,16], ![-1,-1,-3,189,-28,-98,-376,8],
      ![-1,-1,-3,-51,581,-49,-188,4], ![-1,-1,-3,-51,-213,1507,-94,2],
      ![-1,-1,-3,-51,-213,-873,2589,1], ![-1,1,-5,-55,-183,-683,-2683,1]]

def integerD : Bool → Fin 8 → ℤ
  | false => ![8,248,3286,36146,349184,2796544,2,5462]
  | true => ![8,16,240,47640,472430,3644970,16148136,5272]

def integerT : Bool → IntMat 8
  | false => ![
      ![1,-5,-8,-12,-16,-16,0,64], ![0,8,-12,-18,-24,-24,0,96],
      ![0,0,31,-33,-44,-44,0,176], ![0,0,0,106,-86,-86,0,344],
      ![0,0,0,0,341,-171,0,684], ![0,0,0,0,0,1024,0,1366],
      ![0,0,0,0,0,0,1,2731], ![0,0,0,0,0,0,0,5462]]
  | true => ![
      ![1,-1,-3,-21,-41,-101,-325,63], ![0,2,-2,-4,30,190,854,94],
      ![0,0,8,-44,-67,-107,-223,173], ![0,0,0,120,-106,-116,-70,338],
      ![0,0,0,0,397,-183,48,672], ![0,0,0,0,0,1190,190,1342],
      ![0,0,0,0,0,0,3063,2683], ![0,0,0,0,0,0,0,5272]]

def castIntegerMatrix {n : ℕ} (A : IntMat n) : Mat n :=
  fun i j => (A i j : ℝ)

def normalizedInteger (b : Bool) : Mat 8 :=
  scaledColumns (castIntegerMatrix (integerH b)) (fun j => (integerD b j : ℝ))

def witnessQ : Mat 8 := normalizedInteger true

end NLA.IE05
import NLA.IE05.Definitions

/-!
# IE-05 statement boundary for independent review

All holes are intentional reference statements. This file is never imported by
a future proof environment. No mathematical implementation has been authorized.
-/

noncomputable section
namespace NLA.IE05

/-- The custom entrywise maximum is exactly the maximum of the actual absolute entries. -/
theorem entryMax_semantics {n : ℕ} (hn : 1 ≤ n) (A : Mat n) :
    0 ≤ entryMax A ∧ (∀ i j, |A i j| ≤ entryMax A) ∧
      ∃ i j, entryMax A = |A i j| := by sorry

/-- Each genuine partial-pivoting Schur step increases the active maximum by at most two. -/
theorem schurStep_bound {n : ℕ} (S : Mat n) (k p : Fin n)
    (hp : AdmissiblePivot S k p) :
    activeMax (schurStep S k p) (k.val + 1) ≤ 2 * activeMax S k.val := by sorry

/-- The classical bound is proved for these actual paths, not supplied as an assumption. -/
theorem gepp_growth_bound {n : ℕ} (hn : 1 ≤ n) (A : Mat n)
    (path : PivotPath n) (hp : AdmissiblePath A path) :
    0 < entryMax A ∧ 1 ≤ growth A path ∧ growth A path ≤ (2 : ℝ) ^ (n - 1) := by sorry

/-- Actual nonsingularity guarantees the scan never divides by zero and specifies
the unique first-available-row path, including every exact tie. -/
theorem firstPath_semantics {n : ℕ} (A : Mat n) (hA : A.det ≠ 0) :
    FirstAvailablePath A (firstPath A) ∧
      (∀ k, trajectory A (firstPath A) k = firstTrajectory A k) ∧
      ∀ path, FirstAvailablePath A path → path = firstPath A := by sorry

/-- The entire orthogonal growth set is genuinely nonempty and bounded above. -/
theorem orthogonalGrowthSet_bounded (n : ℕ) (hn : 2 ≤ n) :
    (orthogonalGrowthSet n).Nonempty ∧ BddAbove (orthogonalGrowthSet n) ∧
      ∀ r ∈ orthogonalGrowthSet n, 1 ≤ r ∧ r ≤ (2 : ℝ) ^ (n - 1) := by sorry

/-- Normalized Gram--Schmidt gives the prescribed unique positive-diagonal QR
factor, in every dimension in the original conjecture. -/
theorem candidate_positiveQR (n : ℕ) (hn : 2 ≤ n) :
    PositiveQR (prescribedLower n) (candidateQ n) (candidateR n) ∧
      ∀ Q R, PositiveQR (prescribedLower n) Q R →
        Q = candidateQ n ∧ R = candidateR n := by sorry

/-- An exact diagonal Gram identity yields genuine real orthogonality after scaling. -/
theorem scaledColumns_orthogonal {n : ℕ} (H : Mat n) (d : Fin n → ℝ)
    (hd : ∀ j, 0 < d j) (hH : H.transpose * H = Matrix.diagonal d) :
    Orthogonal (scaledColumns H d) := by sorry

/-- This generic LU identity proves both the actual trajectory and the selected
pivot path; neither is assumed. The full tail at stage n is the zero matrix. -/
theorem scaledLU_trajectory {n : ℕ} (L T : Mat n) (d : Fin n → ℝ)
    (hL : UnitLower L) (hLb : ∀ i j, j < i → |L i j| ≤ 1)
    (hT : UpperTriangular T) (hTp : ∀ i, 0 < T i i) (hd : ∀ j, 0 < d j) :
    FirstAvailablePath (scaledColumns (L * T) d) (noSwapPath n) ∧
      firstPath (scaledColumns (L * T) d) = noSwapPath n ∧
      ∀ k, k ≤ n → trajectory (scaledColumns (L * T) d) (noSwapPath n) k =
        scaledColumns (tailProduct L T k) d := by sorry

/-- The complete two integer Gram/LU certificates, including nonzero positive diagonals. -/
theorem integer_factor_certificates :
    ∀ b : Bool,
      (integerH b).transpose * integerH b = Matrix.diagonal (integerD b) ∧
      integerH b = integerLower b * integerT b ∧
      UnitLower (integerLower b) ∧ UpperTriangular (integerT b) ∧
      (∀ i j, j < i → |integerLower b i j| ≤ 1) ∧
      (∀ i, 0 < integerT b i i) ∧ (∀ j, 0 < integerD b j) := by sorry

/-- Exact squares replace all square-root comparison work. Only a lower growth
bound is needed for the witness, so its intermediate-stage maxima are not asserted. -/
theorem integer_entry_certificates :
    (∀ i j : Fin 8, 5272 * (integerH true i j) ^ 2 ≤ 3969 * integerD true j) ∧
    integerD true 7 = 5272 ∧
    integerH false 2 2 = 51 ∧ integerD false 2 = 3286 ∧
    (∀ k i j : Fin 8, k ≤ i → k ≤ j →
      (tailProduct (integerLower false) (integerT false) k.val i j) ^ 2 ≤
        5462 * integerD false j) ∧
    tailProduct (integerLower true) (integerT true) 7 7 7 = 5272 := by sorry

/-- Identify the integer-column candidate with the positive-diagonal QR definition. -/
theorem canonical_integer_identification :
    candidateQ 8 = normalizedInteger false ∧
      firstPath (candidateQ 8) = noSwapPath 8 := by sorry

/-- The actual real witness and its stipulated pivot path are admissible. -/
theorem witness_orthogonal_path :
    Orthogonal witnessQ ∧ firstPath witnessQ = noSwapPath 8 ∧
      FirstAvailablePath witnessQ (noSwapPath 8) ∧
      AdmissiblePath witnessQ (noSwapPath 8) := by sorry

/-- Sufficient one-sided estimates in the actual growth semantics: a witness
input upper bound, its final pivot, one candidate input entry and a candidate
global active-entry bound. No exact growth/maxima table is assumed or required. -/
theorem bounded_growth_data :
    entryMax witnessQ ≤ 63 / Real.sqrt 5272 ∧
      (5272 : ℝ) / 63 ≤ firstGrowth witnessQ ∧
      51 / Real.sqrt 3286 ≤ entryMax (candidateQ 8) ∧
      0 ≤ firstGrowth (candidateQ 8) ∧
      (firstGrowth (candidateQ 8)) ^ 2 ≤ (17948132 : ℝ) / 2601 := by sorry

/-- The one material rational gap; a future explicit-kernel LeanCert point check
may establish its positivity, with no search or interval subdivision. -/
theorem numerical_gap_positive :
    ((5272 : ℝ) / 63) ^ 2 - (17948132 : ℝ) / 2601 =
      (117335164 : ℝ) / 1147041 ∧
      0 < (117335164 : ℝ) / 1147041 := by sorry

/-- Strict comparison of two actual first-available partial-pivoting executions. -/
theorem witness_strict_growth :
    firstGrowth (candidateQ 8) < firstGrowth witnessQ := by sorry

/-- The real supremum is strictly larger, using its genuine bounded growth set. -/
theorem supremum_strict_gap :
    firstGrowth (candidateQ 8) < orthogonalGrowthSup 8 := by sorry

/-- The complete original all-dimensional extremizer equality is false. -/
theorem orthogonalExtremizerConjecture : ¬ OrthogonalExtremizerConjecture := by sorry

end NLA.IE05
