{
  "b": 0.592554,
  "c": 0.372765,
  "I": 4.137088797615288,
  "T": 1.3168762643011578,
  "B": 0.7803202979167083,
  "C": 0.4908853806622211,
  "y_selected": 0.6356028392894647,
  "y_complement": 0.1447174586272436,
  "formal_ratio": 1.0373054176427006,
  "actual_infinite_ratio": 0.7037627445566418,
  "endpoint_error": 0.0,
  "h_coefficients": [
    0.5641710993399256,
    0.07883117023907721,
    0.019405871248767134,
    0.006711706919563051,
    0.0029361587336784803,
    0.0015131599586757638,
    0.0008757958312657632,
    0.0005514097073306828,
    0.00036965084572347304,
    0.0002600141540097106
  ],
  "g_coefficients": [
    0.41312405377637473,
    0.06449200335951057,
    0.014446620995523225,
    0.004426962243366951,
    0.001697084524655567,
    0.0007662080851224343,
    0.0003908157800029087,
    0.00021870569231532706,
    0.00013150524659161396,
    8.36906860341444e-05
  ],
  "local_optimizations": [
    {
      "start": [
        0.59,
        0.37
      ],
      "parameters": [
        0.5925540347219178,
        0.3727654827496958
      ],
      "formal_ratio": 1.0373054176438066,
      "success": true,
      "iterations": 60,
      "scope": "Local numerical optimum only"
    },
    {
      "start": [
        0.4,
        0.5
      ],
      "parameters": [
        0.5925540246785324,
        0.37276549340268905
      ],
      "formal_ratio": 1.0373054176438066,
      "success": true,
      "iterations": 73,
      "scope": "Local numerical optimum only"
    },
    {
      "start": [
        0.75,
        0.18
      ],
      "parameters": [
        0.5925540739533384,
        0.37276544280673984
      ],
      "formal_ratio": 1.0373054176438066,
      "success": true,
      "iterations": 77,
      "scope": "Local numerical optimum only"
    }
  ],
  "finite_bulk_fit": {
    "source": "research/inputs/n193_prior_search_candidate.npz",
    "source_sha256": "fbe60417ddce919c604bf5732d2eff3361d758bb0499f04d6ad450aa37245d4e",
    "n": 193,
    "selected_first_21_max_error": 0.0014737175982970866,
    "complement_first_21_max_error": 0.00023942023332498472,
    "selected_all_max_error": 0.24558931557827637,
    "complement_all_max_error": 0.025772569223659062,
    "prior_candidate_float_norm": 1.9281023547311886,
    "model_rescaled_norm": 1.9280724519351726,
    "coefficients": [
      {
        "k": 0,
        "model_h": 0.5641710993399256,
        "finite_h": 0.5642483160013977,
        "model_g": 0.41312405377637473,
        "finite_g": 0.41309421628594106
      },
      {
        "k": 1,
        "model_h": 0.07883117023907721,
        "finite_h": 0.07890844207275621,
        "model_g": 0.06449200335951057,
        "finite_g": 0.0644345120489592
      },
      {
        "k": 2,
        "model_h": 0.019405871248767134,
        "finite_h": 0.019449535903369685,
        "model_g": 0.014446620995523225,
        "finite_g": 0.014413725837916894
      },
      {
        "k": 3,
        "model_h": 0.006711706919563051,
        "finite_h": 0.0067618970741555595,
        "model_g": 0.004426962243366951,
        "finite_g": 0.004391042053316939
      },
      {
        "k": 4,
        "model_h": 0.0029361587336784803,
        "finite_h": 0.0029452216009089992,
        "model_g": 0.001697084524655567,
        "finite_g": 0.0016870073836493702
      },
      {
        "k": 5,
        "model_h": 0.0015131599586757638,
        "finite_h": 0.0015231512897837323,
        "model_g": 0.0007662080851224343,
        "finite_g": 0.0007564329353423473
      },
      {
        "k": 6,
        "model_h": 0.0008757958312657632,
        "finite_h": 0.0008903137502933328,
        "model_g": 0.0003908157800029087,
        "finite_g": 0.0003862911833285973
      },
      {
        "k": 7,
        "model_h": 0.0005514097073306828,
        "finite_h": 0.0005642391664627785,
        "model_g": 0.00021870569231532706,
        "finite_g": 0.0002162737144305844
      },
      {
        "k": 8,
        "model_h": 0.00036965084572347304,
        "finite_h": 0.0003795558212319007,
        "model_g": 0.00013150524659161396,
        "finite_g": 0.00012922750992477237
      },
      {
        "k": 9,
        "model_h": 0.0002600141540097106,
        "finite_h": 0.00026920871960837636,
        "model_g": 8.36906860341444e-05,
        "finite_g": 8.221328157163533e-05
      }
    ],
    "scope": "Fit to the inherited floating-point search candidate, not a convergence proof"
  },
  "seconds": 0.10903301300004387,
  "scope": "Stationary model diagnostics only. No new finite lower or unrestricted upper bound."
}
