{
  "all_checks_passed": true,
  "checks": [
    {
      "rank": 1,
      "trial": 0,
      "identity": "general Stein bilinear form",
      "passed": true
    },
    {
      "rank": 1,
      "trial": 1,
      "identity": "general Stein bilinear form",
      "passed": true
    },
    {
      "rank": 1,
      "trial": 2,
      "identity": "general Stein bilinear form",
      "passed": true
    },
    {
      "rank": 1,
      "identity": "both normalized determinant factorizations",
      "passed": true
    },
    {
      "rank": 1,
      "identity": "general invertible-Ua determinant formula",
      "passed": true
    },
    {
      "rank": 1,
      "identity": "Stein solutions, potential, gradient directional derivative",
      "passed": true
    },
    {
      "rank": 1,
      "identity": "Q-isometric data normalization",
      "passed": true
    },
    {
      "rank": 2,
      "trial": 0,
      "identity": "general Stein bilinear form",
      "passed": true
    },
    {
      "rank": 2,
      "trial": 1,
      "identity": "general Stein bilinear form",
      "passed": true
    },
    {
      "rank": 2,
      "trial": 2,
      "identity": "general Stein bilinear form",
      "passed": true
    },
    {
      "rank": 2,
      "identity": "both normalized determinant factorizations",
      "passed": true
    },
    {
      "rank": 2,
      "identity": "general invertible-Ua determinant formula",
      "passed": true
    },
    {
      "rank": 2,
      "identity": "Stein solutions, potential, gradient directional derivative",
      "passed": true
    },
    {
      "rank": 3,
      "trial": 0,
      "identity": "general Stein bilinear form",
      "passed": true
    },
    {
      "rank": 3,
      "trial": 1,
      "identity": "general Stein bilinear form",
      "passed": true
    },
    {
      "rank": 3,
      "trial": 2,
      "identity": "general Stein bilinear form",
      "passed": true
    },
    {
      "rank": 3,
      "identity": "both normalized determinant factorizations",
      "passed": true
    },
    {
      "rank": 3,
      "identity": "general invertible-Ua determinant formula",
      "passed": true
    },
    {
      "rank": 3,
      "identity": "Stein solutions, potential, gradient directional derivative",
      "passed": true
    },
    {
      "rank": 3,
      "identity": "Q-isometric data normalization",
      "passed": true
    },
    {
      "rank": 4,
      "trial": 0,
      "identity": "general Stein bilinear form",
      "passed": true
    },
    {
      "rank": 4,
      "trial": 1,
      "identity": "general Stein bilinear form",
      "passed": true
    },
    {
      "rank": 4,
      "trial": 2,
      "identity": "general Stein bilinear form",
      "passed": true
    },
    {
      "rank": 4,
      "identity": "both normalized determinant factorizations",
      "passed": true
    },
    {
      "rank": 4,
      "identity": "general invertible-Ua determinant formula",
      "passed": true
    },
    {
      "rank": 5,
      "trial": 0,
      "identity": "general Stein bilinear form",
      "passed": true
    },
    {
      "rank": 5,
      "trial": 1,
      "identity": "general Stein bilinear form",
      "passed": true
    },
    {
      "rank": 5,
      "trial": 2,
      "identity": "general Stein bilinear form",
      "passed": true
    },
    {
      "rank": 5,
      "identity": "both normalized determinant factorizations",
      "passed": true
    },
    {
      "rank": 5,
      "identity": "general invertible-Ua determinant formula",
      "passed": true
    },
    {
      "rank": 1,
      "identity": "fully symbolic scalar derivative",
      "passed": true
    }
  ],
  "euler_characteristics": [
    1,
    -1,
    3,
    -13,
    75,
    -541,
    4683,
    -47293,
    545835,
    -7087261,
    102247563,
    -1622632573,
    28091567595
  ]
}

