{
  "collocation_checks": [
    {
      "nodes": [
        "1"
      ],
      "all_exact_checks_passed": true
    },
    {
      "nodes": [
        "1",
        "2"
      ],
      "all_exact_checks_passed": true
    },
    {
      "nodes": [
        "1",
        "2",
        "4"
      ],
      "all_exact_checks_passed": true
    },
    {
      "nodes": [
        "1/7",
        "2/5",
        "3/4",
        "1"
      ],
      "all_exact_checks_passed": true
    }
  ],
  "auxiliary_counterexample_verified": true,
  "counterexample_is_to_IE28": false,
  "global_IE28_existence_proved": false
}
