NLA/IE05/QR.lean:146:6: error: Tactic `rewrite` failed: motive is not type correct:
  fun _a => _a.starProjection (euclideanColumns A j) = R i j • euclideanColumns Q i
Error: Application type mismatch: The argument
  FiniteDimensional.span_singleton ℝ (R i i • euclideanColumns Q i)
has type
  FiniteDimensional ℝ ↥(ℝ ∙ R i i • euclideanColumns Q i)
but is expected to have type
  FiniteDimensional ℝ ↥_a
in the application
  @FiniteDimensional.RCLike.properSpace_submodule ℝ (EuclideanSpace ℝ (Fin n)) Real.instRCLike
    (PiLp.normedAddCommGroup 2 fun x => ℝ) (PiLp.normedSpace 2 ℝ fun x => ℝ) _a
    (FiniteDimensional.span_singleton ℝ (R i i • euclideanColumns Q i))

Explanation: The rewrite tactic rewrites an expression 'e' using an equality 'a = b' by the following process. First, it looks for all 'a' in 'e'. Second, it tries to abstract these occurrences of 'a' to create a function 'm := fun _a => ...', called the *motive*, with the property that 'm a' is definitionally equal to 'e'. Third, we observe that 'congrArg' implies that 'm a = m b', which can be used with lemmas such as 'Eq.mpr' to change the goal. However, if 'e' depends on specific properties of 'a', then the motive 'm' might not typecheck.

Possible solutions: use rewrite's 'occs' configuration option to limit which occurrences are rewritten, or use 'simp' or 'conv' mode, which have strategies for certain kinds of dependencies (these tactics can handle proofs and 'Decidable' instances whose types depend on the rewritten term, and 'simp' can apply user-defined '@[congr]' theorems as well).

n : ℕ
A Q R : Mat n
hQR : PositiveQR A Q R
j✝ : Fin n
hcols : Orthonormal ℝ (euclideanColumns Q)
j : Fin n
ih : ∀ y < j, gramSchmidt ℝ (euclideanColumns A) y = R y y • euclideanColumns Q y
i : Fin n
hi : i ∈ Finset.Iio j
⊢ (ℝ ∙ R i i • euclideanColumns Q i).starProjection (euclideanColumns A j) = R i j • euclideanColumns Q i

Note: The target expression is not type-correct under the `implicit` transparency level, which may have triggered the failure. This is usually caused by unfolding of semireducible definitions in prior tactic steps. Use `set_option linter.tacticCheckInstances true` to investigate the source of the issue.
Full error:
  function expected
    R i
'NLA.IE05._proved.euclideanColumns_inner' depends on axioms: [propext, Classical.choice, Quot.sound]
'NLA.IE05._proved.orthogonal_iff_orthonormal_columns' depends on axioms: [propext, Classical.choice, Quot.sound]
'NLA.IE05._proved.euclideanColumns_linearIndependent' depends on axioms: [propext, Classical.choice, Quot.sound]
'NLA.IE05._proved.euclideanColumns_normalizedQRQ' depends on axioms: [propext, Classical.choice, Quot.sound]
'NLA.IE05._proved.normalizedQRQ_orthogonal' depends on axioms: [propext, Classical.choice, Quot.sound]
'NLA.IE05._proved.gramSchmidt_inner_original' depends on axioms: [propext, Classical.choice, Quot.sound]
'NLA.IE05._proved.normalizedQRQ_upper' depends on axioms: [propext, Classical.choice, Quot.sound]
'NLA.IE05._proved.normalizedQRQ_diagonal_pos' depends on axioms: [propext, Classical.choice, Quot.sound]
'NLA.IE05._proved.normalizedQRQ_positiveQR' depends on axioms: [propext, Classical.choice, Quot.sound]
'NLA.IE05._proved.prescribedLower_det' depends on axioms: [propext, Classical.choice, Quot.sound]
'NLA.IE05._proved.positiveQR_inner' depends on axioms: [propext, Classical.choice, Quot.sound]
'NLA.IE05._proved.positiveQR_column' depends on axioms: [propext, Classical.choice, Quot.sound]
'NLA.IE05._proved.gramSchmidt_eq_of_positiveQR' depends on axioms: [propext, sorryAx, Classical.choice, Quot.sound]
NLA/IE05/QR.lean:198:21: error: #assert_trust: 'NLA.IE05._proved.gramSchmidt_eq_of_positiveQR' depends on sorry or unrecognized axioms
  foundational: propext, Classical.choice, Quot.sound
  sorryAx: sorryAx
'NLA.IE05._proved.normalizedQRQ_eq_of_positiveQR' depends on axioms: [propext, sorryAx, Classical.choice, Quot.sound]
NLA/IE05/QR.lean:200:21: error: #assert_trust: 'NLA.IE05._proved.normalizedQRQ_eq_of_positiveQR' depends on sorry or unrecognized axioms
  foundational: propext, Classical.choice, Quot.sound
  sorryAx: sorryAx
'NLA.IE05._proved.candidate_positiveQR' depends on axioms: [propext, sorryAx, Classical.choice, Quot.sound]
NLA/IE05/QR.lean:202:21: error: #assert_trust: 'NLA.IE05._proved.candidate_positiveQR' depends on sorry or unrecognized axioms
  foundational: propext, Classical.choice, Quot.sound
  sorryAx: sorryAx
