PASS three-stage positive endpoint trace identity
PASS three-stage negative endpoint identity
PASS repeated-root determinant expansion
PASS cancellation-free divided difference
PASS two-stage determinant polynomial reduction
PASS two-stage trace polynomial reduction
PASS exact inverse similarity, rational example n=2
PASS exact determinant, rational example n=2
PASS exact ansatz eigenvalue one, rational example n=2
PASS direct integral comparison, rational example n=2
PASS exact inverse similarity, rational example n=3
PASS exact determinant, rational example n=3
PASS exact ansatz eigenvalue one, rational example n=3
PASS direct integral comparison, rational example n=3
PASS exact inverse similarity, rational example n=4
PASS exact determinant, rational example n=4
PASS exact ansatz eigenvalue one, rational example n=4
PASS direct integral comparison, rational example n=4
PASS exact inverse similarity, rational example n=5
PASS exact determinant, rational example n=5
PASS exact ansatz eigenvalue one, rational example n=5
PASS exact inverse similarity, rational example n=6
PASS exact determinant, rational example n=6
PASS exact ansatz eigenvalue one, rational example n=6
PASS cubic spectral completion
PASS four-stage invariant insufficiency example (not a collocation counterexample)
ALL SYMBOLIC CHECKS PASSED
