{
  "arithmetic": "SymPy exact rational and Gaussian-rational arithmetic",
  "interpolation": [
    {
      "n": 2,
      "q": 2,
      "real_queries": 3
    },
    {
      "n": 2,
      "q": 3,
      "real_queries": 4
    },
    {
      "n": 2,
      "q": 4,
      "real_queries": 5
    },
    {
      "n": 2,
      "q": 5,
      "real_queries": 6
    },
    {
      "n": 2,
      "q": 6,
      "real_queries": 7
    },
    {
      "n": 3,
      "q": 2,
      "real_queries": 3
    },
    {
      "n": 3,
      "q": 3,
      "real_queries": 4
    }
  ],
  "conjecture_counterexample": [
    {
      "q": 2,
      "span_dimension": 3,
      "guaranteed_projection_sq": "1/2",
      "checked_projection_sq": "4097/4225"
    },
    {
      "q": 3,
      "span_dimension": 4,
      "guaranteed_projection_sq": "1/4",
      "checked_projection_sq": "371213/732615"
    },
    {
      "q": 4,
      "span_dimension": 5,
      "guaranteed_projection_sq": "1/8",
      "checked_projection_sq": "153118523/366307500"
    },
    {
      "q": 5,
      "span_dimension": 6,
      "guaranteed_projection_sq": "1/16",
      "checked_projection_sq": "608992849/1517303125"
    },
    {
      "q": 6,
      "span_dimension": 7,
      "guaranteed_projection_sq": "1/32",
      "checked_projection_sq": "5241797308609/22363530759375"
    },
    {
      "q": 7,
      "span_dimension": 8,
      "guaranteed_projection_sq": "1/64",
      "checked_projection_sq": "3805259975903/20069835296875"
    },
    {
      "q": 8,
      "span_dimension": 9,
      "guaranteed_projection_sq": "1/128",
      "checked_projection_sq": "12348394840872409/67836043303437500"
    }
  ],
  "parallel_product_recovery": [
    {
      "n": 2,
      "q": 2,
      "singular_factors": false,
      "queries": 2,
      "trace": "121"
    },
    {
      "n": 3,
      "q": 2,
      "singular_factors": false,
      "queries": 3,
      "trace": "720"
    },
    {
      "n": 3,
      "q": 3,
      "singular_factors": false,
      "queries": 3,
      "trace": "25012"
    },
    {
      "n": 4,
      "q": 2,
      "singular_factors": false,
      "queries": 4,
      "trace": "3621"
    },
    {
      "n": 3,
      "q": 3,
      "singular_factors": true,
      "queries": 3,
      "trace": "12320"
    },
    {
      "n": 3,
      "q": 1,
      "singular_factors": false,
      "queries": 3,
      "trace": "34"
    }
  ],
  "shift_edge_cases": {
    "n": 3,
    "q": 3,
    "zero_targets_and_contractions": "passed",
    "singular_PSD_factors": "passed",
    "additional_queries": 1
  },
  "low_rank_reconstruction": [
    {
      "rank": 1,
      "queries_in_identity": 1,
      "trace": "36"
    },
    {
      "rank": 2,
      "queries_in_identity": 2,
      "trace": "75"
    },
    {
      "rank": 3,
      "queries_in_identity": 3,
      "trace": "80"
    },
    {
      "rank": 4,
      "queries_in_identity": 4,
      "trace": "95"
    }
  ],
  "log_density": "Second derivative identity verified symbolically; it is nonpositive for k >= 2.",
  "all_checks_passed": true,
  "elapsed_seconds": 1.794
}
