test_cone_residual_equivalence (test_components.ConeAndPrefixTests.test_cone_residual_equivalence) ... ok
test_features_reconstruct_direct_polynomial (test_components.ConeAndPrefixTests.test_features_reconstruct_direct_polynomial) ... ok
test_full_prefix_query_count (test_components.ConeAndPrefixTests.test_full_prefix_query_count) ... ok
test_output_completion_geometry (test_components.ConeAndPrefixTests.test_output_completion_geometry) ... ok
test_polynomial_twice_uses_degree_twice (test_components.ConeAndPrefixTests.test_polynomial_twice_uses_degree_twice) ... ok
test_prefix_stabilizer_rotation (test_components.ConeAndPrefixTests.test_prefix_stabilizer_rotation) ... ok
test_projector_cannot_reveal_extra_range_directions (test_components.ConeAndPrefixTests.test_projector_cannot_reveal_extra_range_directions) ... ok
test_small_finite_no_cone_diagnostic (test_components.ConeAndPrefixTests.test_small_finite_no_cone_diagnostic) ... ok
test_weak_angle_is_not_a_good_pca_objective (test_components.ConeAndPrefixTests.test_weak_angle_is_not_a_good_pca_objective) ... ok
test_block_weighted_cauchy (test_components.GaussianAndAllocationTests.test_block_weighted_cauchy) ... ok
test_expected_allocation_objective (test_components.GaussianAndAllocationTests.test_expected_allocation_objective) ... ok
test_integer_multiplicity_budget (test_components.GaussianAndAllocationTests.test_integer_multiplicity_budget) ... ok
test_reciprocal_moment_integration_constant (test_components.GaussianAndAllocationTests.test_reciprocal_moment_integration_constant) ... ok
test_small_ball_net_constants (test_components.GaussianAndAllocationTests.test_small_ball_net_constants) ... ok
test_top_gaussian_probability_constant (test_components.GaussianAndAllocationTests.test_top_gaussian_probability_constant) ... ok
test_validation_errors (test_components.GaussianAndAllocationTests.test_validation_errors) ... ok
test_allocation_probability (test_components.GeometryTests.test_allocation_probability) ... ok
test_harmonic_and_growth_bounds (test_components.GeometryTests.test_harmonic_and_growth_bounds) ... ok
test_lagrange_signs_and_sum (test_components.GeometryTests.test_lagrange_signs_and_sum) ... ok
test_log_cosh_stability (test_components.GeometryTests.test_log_cosh_stability) ... ok
test_nodal_denominator_identity (test_components.GeometryTests.test_nodal_denominator_identity) ... ok
test_polynomial_interpolation (test_components.GeometryTests.test_polynomial_interpolation) ... ok
test_small_accuracy_geometry_high_precision (test_components.GeometryTests.test_small_accuracy_geometry_high_precision) ... ok
test_weighted_lagrange_bound (test_components.GeometryTests.test_weighted_lagrange_bound) ... ok
test_counter_input_errors (test_components.ParameterTests.test_counter_input_errors) ... ok
test_depth_and_rounding_absorption (test_components.ParameterTests.test_depth_and_rounding_absorption) ... ok
test_exact_scale_gap_formula (test_components.ParameterTests.test_exact_scale_gap_formula) ... ok
test_threshold_at_48 (test_components.ParameterTests.test_threshold_at_48) ... ok
test_upper_parameters_budget_bound (test_components.ParameterTests.test_upper_parameters_budget_bound) ... ok
test_width_monotonicity (test_components.ParameterTests.test_width_monotonicity) ... ok
test_compression_domain_is_checked (test_shifted_posterior.ShiftedPosteriorTests.test_compression_domain_is_checked) ... ok
test_empty_transcript_posterior (test_shifted_posterior.ShiftedPosteriorTests.test_empty_transcript_posterior) ... ok
test_first_exit_pivot_identity (test_shifted_posterior.ShiftedPosteriorTests.test_first_exit_pivot_identity) ... ok
test_inertia_equivalence_above_and_below_wall (test_shifted_posterior.ShiftedPosteriorTests.test_inertia_equivalence_above_and_below_wall) ... ok
test_kernel_coordinate_invariance (test_shifted_posterior.ShiftedPosteriorTests.test_kernel_coordinate_invariance) ... ok
test_trace_shorting_identity (test_shifted_posterior.ShiftedPosteriorTests.test_trace_shorting_identity) ... ok
test_zero_shift_matches_negative_tilt (test_shifted_posterior.ShiftedPosteriorTests.test_zero_shift_matches_negative_tilt) ... ok
test_budget_scale_all_grid_branches (test_shifted_rank_one.ShiftedRankOneTests.test_budget_scale_all_grid_branches) ... ok
test_exact_branch_output_and_query_count (test_shifted_rank_one.ShiftedRankOneTests.test_exact_branch_output_and_query_count) ... ok
test_exponential_wall_translation (test_shifted_rank_one.ShiftedRankOneTests.test_exponential_wall_translation) ... ok
test_gaussian_field_divergence (test_shifted_rank_one.ShiftedRankOneTests.test_gaussian_field_divergence) ... ok
test_polynomial_branch_query_count (test_shifted_rank_one.ShiftedRankOneTests.test_polynomial_branch_query_count) ... ok
test_reject_invalid_parameters (test_shifted_rank_one.ShiftedRankOneTests.test_reject_invalid_parameters) ... ok
test_scalar_cone_comparison (test_shifted_rank_one.ShiftedRankOneTests.test_scalar_cone_comparison) ... ok
test_scalar_exact_resolvent_integral (test_shifted_rank_one.ShiftedRankOneTests.test_scalar_exact_resolvent_integral) ... ok

----------------------------------------------------------------------
Ran 45 tests in 0.030s

OK
