{
  "result": "PASS",
  "metadata_schema": "PASS v0.4",
  "approved_mathematical_boundary": "unchanged",
  "public_exports": [
    "NLA.IS02.counterexample_symmetric_nonnegative_stochastic",
    "NLA.IS02.counterexample_trace",
    "NLA.IS02.counterexample_positive_trace",
    "NLA.IS02.counterexample_spectrum",
    "NLA.IS02.sameSpectrum_iff_realEigenvalueMultiset_eq",
    "NLA.IS02.counterexample_spectral_uniqueness",
    "NLA.IS02.counterexample_outside_locus",
    "NLA.IS02.counterexample_claim",
    "NLA.IS02.not_targetNecessaryCondition"
  ],
  "all_definitions_helpers_and_exports_audited": 65,
  "transitive_axioms": [
    "Classical.choice",
    "Quot.sound",
    "propext"
  ],
  "LeanCert_kernel_assertions_in_direct_build": 9,
  "additional_referee_kernel_assertions": 47,
  "frozen_type_checks": 9,
  "Challenge_placeholders_excluded_from_proof_closure": 9,
  "proof_source_holes_or_custom_axioms_or_native_decide": "none found; confirmed by transitive axiom audit",
  "source_map_hashes_and_blob_ids": "PASS",
  "all_ten_dependency_pins_match_metadata": true,
  "nonblocking_notes": [
    "LeanCert supplies kernel trust assertions; exact arithmetic itself uses Mathlib norm_num, ring, and linarith. Clarify the automation wording before publication.",
    "Repeated support-position helper proofs and test_* names are readable development code but could later be refactored/named descriptively without changing the mathematical target.",
    "The local script assumes pinned dependency objects; this referee independently checked the ten source revisions and tracked-tree cleanliness before invoking it."
  ],
  "limitations": [
    "No Linux Comparator run performed by this referee.",
    "Existing dependencies were not rebuilt from source in this local macOS review.",
    "Publication metadata, repository status, and Git state were not changed or approved by this review."
  ]
}
