{
  "status": "IE05_CERTIFICATES_QR_HELPER_HANDOFF_PASS",
  "scope": "bounded helper completion inspection",
  "source_commands": 6,
  "all_fresh_command_receipts": 47,
  "frozen_inputs": 733,
  "stable_scoped_inputs": 1210,
  "prior_complete_seals": [
    {
      "path": "verification/exactcert-diagnostic-referee/EVIDENCE-MANIFEST.json",
      "sha256": "74d46f48c5d0a3b70da7925065b3a7c34fd7306d7a46120aee8a750bc8442420",
      "files": 54,
      "own_files": 47
    },
    {
      "path": "verification/gepp-development/EVIDENCE-MANIFEST.json",
      "sha256": "f3854e99028561510756f6c58d024841d2e8cab4ce8d9315d45ac4b25eebd0d1",
      "files": 150,
      "own_files": 137
    },
    {
      "path": "verification/lu-development/EVIDENCE-MANIFEST.json",
      "sha256": "9333e7615283fa9067b571a60f22488c884c435444d0f7a9221d8090ec5412a2",
      "files": 68,
      "own_files": 52
    },
    {
      "path": "verification/qr-scaling-handoff/EVIDENCE-MANIFEST.json",
      "sha256": "b328744f06c3af7d3ae119ba28dc6d5a078ed79675d3e89fe888b6000c2f58c6",
      "files": 847,
      "own_files": 22
    }
  ],
  "certificate_type_equalities": 3,
  "generic_QR_LU_type_equality": 1,
  "actual_closure": 36,
  "decide_kernel_auxiliaries": 3,
  "local_instances": 2,
  "material_dependencies": 19,
  "source_kernel_assertions": 20,
  "inspector_kernel_assertions": 8,
  "printed_allowed_axiom_records": 28,
  "warnings": 0,
  "root_attempts_retained": 13,
  "root_prefixes_exactly_matched_and_removed": 13,
  "root_objects_removed": 20,
  "fresh_own_objects_hashed_and_removed": 12,
  "whole_problem_approval": false,
  "Linux_or_Comparator": false,
  "mathematical_source_edits": false,
  "sealed_files": 1353,
  "ExactCertificates_sha256": "5ee8f9bc7bc79b4e0e80b85c81952ae32689661dac405edd1559f92d6eb643af",
  "IntegerQR_sha256": "fc87524d6aceddf208722daa33c855384e772425d54fd654f5f531250c67cc44"
}
